Archive member included to satisfy reference by file (symbol)

/Applications/Ac6/SystemWorkbench.app/Contents/Eclipse/plugins/fr.ac6.mcu.externaltools.arm-none.macos64_1.15.0.201708311556/tools/compiler/bin/../lib/gcc/arm-none-eabi/6.3.1/../../../../arm-none-eabi/lib/thumb/v7e-m/fpv4-sp/hard/libm.a(lib_a-s_trunc.o)
                              DataLog/User/datalog_application.o (trunc)
/Applications/Ac6/SystemWorkbench.app/Contents/Eclipse/plugins/fr.ac6.mcu.externaltools.arm-none.macos64_1.15.0.201708311556/tools/compiler/bin/../lib/gcc/arm-none-eabi/6.3.1/../../../../arm-none-eabi/lib/thumb/v7e-m/fpv4-sp/hard/libm.a(lib_a-w_pow.o)
                              DataLog/User/datalog_application.o (pow)
/Applications/Ac6/SystemWorkbench.app/Contents/Eclipse/plugins/fr.ac6.mcu.externaltools.arm-none.macos64_1.15.0.201708311556/tools/compiler/bin/../lib/gcc/arm-none-eabi/6.3.1/../../../../arm-none-eabi/lib/thumb/v7e-m/fpv4-sp/hard/libm.a(lib_a-e_pow.o)
                              /Applications/Ac6/SystemWorkbench.app/Contents/Eclipse/plugins/fr.ac6.mcu.externaltools.arm-none.macos64_1.15.0.201708311556/tools/compiler/bin/../lib/gcc/arm-none-eabi/6.3.1/../../../../arm-none-eabi/lib/thumb/v7e-m/fpv4-sp/hard/libm.a(lib_a-w_pow.o) (__ieee754_pow)
/Applications/Ac6/SystemWorkbench.app/Contents/Eclipse/plugins/fr.ac6.mcu.externaltools.arm-none.macos64_1.15.0.201708311556/tools/compiler/bin/../lib/gcc/arm-none-eabi/6.3.1/../../../../arm-none-eabi/lib/thumb/v7e-m/fpv4-sp/hard/libm.a(lib_a-e_sqrt.o)
                              /Applications/Ac6/SystemWorkbench.app/Contents/Eclipse/plugins/fr.ac6.mcu.externaltools.arm-none.macos64_1.15.0.201708311556/tools/compiler/bin/../lib/gcc/arm-none-eabi/6.3.1/../../../../arm-none-eabi/lib/thumb/v7e-m/fpv4-sp/hard/libm.a(lib_a-e_pow.o) (__ieee754_sqrt)
/Applications/Ac6/SystemWorkbench.app/Contents/Eclipse/plugins/fr.ac6.mcu.externaltools.arm-none.macos64_1.15.0.201708311556/tools/compiler/bin/../lib/gcc/arm-none-eabi/6.3.1/../../../../arm-none-eabi/lib/thumb/v7e-m/fpv4-sp/hard/libm.a(lib_a-s_fabs.o)
                              /Applications/Ac6/SystemWorkbench.app/Contents/Eclipse/plugins/fr.ac6.mcu.externaltools.arm-none.macos64_1.15.0.201708311556/tools/compiler/bin/../lib/gcc/arm-none-eabi/6.3.1/../../../../arm-none-eabi/lib/thumb/v7e-m/fpv4-sp/hard/libm.a(lib_a-e_pow.o) (fabs)
/Applications/Ac6/SystemWorkbench.app/Contents/Eclipse/plugins/fr.ac6.mcu.externaltools.arm-none.macos64_1.15.0.201708311556/tools/compiler/bin/../lib/gcc/arm-none-eabi/6.3.1/../../../../arm-none-eabi/lib/thumb/v7e-m/fpv4-sp/hard/libm.a(lib_a-s_finite.o)
                              /Applications/Ac6/SystemWorkbench.app/Contents/Eclipse/plugins/fr.ac6.mcu.externaltools.arm-none.macos64_1.15.0.201708311556/tools/compiler/bin/../lib/gcc/arm-none-eabi/6.3.1/../../../../arm-none-eabi/lib/thumb/v7e-m/fpv4-sp/hard/libm.a(lib_a-w_pow.o) (finite)
/Applications/Ac6/SystemWorkbench.app/Contents/Eclipse/plugins/fr.ac6.mcu.externaltools.arm-none.macos64_1.15.0.201708311556/tools/compiler/bin/../lib/gcc/arm-none-eabi/6.3.1/../../../../arm-none-eabi/lib/thumb/v7e-m/fpv4-sp/hard/libm.a(lib_a-s_lib_ver.o)
                              /Applications/Ac6/SystemWorkbench.app/Contents/Eclipse/plugins/fr.ac6.mcu.externaltools.arm-none.macos64_1.15.0.201708311556/tools/compiler/bin/../lib/gcc/arm-none-eabi/6.3.1/../../../../arm-none-eabi/lib/thumb/v7e-m/fpv4-sp/hard/libm.a(lib_a-w_pow.o) (__fdlib_version)
/Applications/Ac6/SystemWorkbench.app/Contents/Eclipse/plugins/fr.ac6.mcu.externaltools.arm-none.macos64_1.15.0.201708311556/tools/compiler/bin/../lib/gcc/arm-none-eabi/6.3.1/../../../../arm-none-eabi/lib/thumb/v7e-m/fpv4-sp/hard/libm.a(lib_a-s_matherr.o)
                              /Applications/Ac6/SystemWorkbench.app/Contents/Eclipse/plugins/fr.ac6.mcu.externaltools.arm-none.macos64_1.15.0.201708311556/tools/compiler/bin/../lib/gcc/arm-none-eabi/6.3.1/../../../../arm-none-eabi/lib/thumb/v7e-m/fpv4-sp/hard/libm.a(lib_a-w_pow.o) (matherr)
/Applications/Ac6/SystemWorkbench.app/Contents/Eclipse/plugins/fr.ac6.mcu.externaltools.arm-none.macos64_1.15.0.201708311556/tools/compiler/bin/../lib/gcc/arm-none-eabi/6.3.1/../../../../arm-none-eabi/lib/thumb/v7e-m/fpv4-sp/hard/libm.a(lib_a-s_nan.o)
                              /Applications/Ac6/SystemWorkbench.app/Contents/Eclipse/plugins/fr.ac6.mcu.externaltools.arm-none.macos64_1.15.0.201708311556/tools/compiler/bin/../lib/gcc/arm-none-eabi/6.3.1/../../../../arm-none-eabi/lib/thumb/v7e-m/fpv4-sp/hard/libm.a(lib_a-e_pow.o) (nan)
/Applications/Ac6/SystemWorkbench.app/Contents/Eclipse/plugins/fr.ac6.mcu.externaltools.arm-none.macos64_1.15.0.201708311556/tools/compiler/bin/../lib/gcc/arm-none-eabi/6.3.1/../../../../arm-none-eabi/lib/thumb/v7e-m/fpv4-sp/hard/libm.a(lib_a-s_rint.o)
[...]
Memory Configuration

Name             Origin             Length             Attributes
FLASH            0x0000000008004000 0x0000000000040000 xr
RAM              0x0000000020000000 0x0000000000018000 xrw
SRAM2            0x0000000010000000 0x0000000000008000 xrw
*default*        0x0000000000000000 0xffffffffffffffff

Linker script and memory map

LOAD /Applications/Ac6/SystemWorkbench.app/Contents/Eclipse/plugins/fr.ac6.mcu.externaltools.arm-none.macos64_1.15.0.201708311556/tools/compiler/bin/../lib/gcc/arm-none-eabi/6.3.1/thumb/v7e-m/fpv4-sp/hard/crti.o
LOAD /Applications/Ac6/SystemWorkbench.app/Contents/Eclipse/plugins/fr.ac6.mcu.externaltools.arm-none.macos64_1.15.0.201708311556/tools/compiler/bin/../lib/gcc/arm-none-eabi/6.3.1/thumb/v7e-m/fpv4-sp/hard/crtbegin.o
LOAD /Applications/Ac6/SystemWorkbench.app/Contents/Eclipse/plugins/fr.ac6.mcu.externaltools.arm-none.macos64_1.15.0.201708311556/tools/compiler/bin/../lib/gcc/arm-none-eabi/6.3.1/../../../../arm-none-eabi/lib/thumb/v7e-m/fpv4-sp/hard/crt0.o
LOAD DataLog/SW4STM32/startup_stm32l476xx.o
LOAD DataLog/User/cube_hal_l4.o
LOAD DataLog/User/datalog_application.o
LOAD DataLog/User/main.o
LOAD DataLog/User/stm32l4xx_hal_msp.o
LOAD DataLog/User/stm32l4xx_it.o
LOAD DataLog/User/syscalls.o
LOAD DataLog/User/usbd_cdc_interface.o
LOAD DataLog/User/usbd_conf.o
LOAD DataLog/User/usbd_desc.o
LOAD Drivers/BSP/Components/HTS221_Driver.o
LOAD Drivers/BSP/Components/HTS221_Driver_HL.o
LOAD Drivers/BSP/Components/LPS22HB_Driver.o
LOAD Drivers/BSP/Components/LPS22HB_Driver_HL.o
LOAD Drivers/BSP/Components/LSM303AGR_ACC_driver.o
LOAD Drivers/BSP/Components/LSM303AGR_ACC_driver_HL.o
LOAD Drivers/BSP/Components/LSM303AGR_MAG_driver.o
LOAD Drivers/BSP/Components/LSM303AGR_MAG_driver_HL.o
LOAD Drivers/BSP/Components/LSM6DSM_ACC_GYRO_driver.o
LOAD Drivers/BSP/Components/LSM6DSM_ACC_GYRO_driver_HL.o
LOAD Drivers/BSP/Components/STC3115_Driver.o
LOAD Drivers/BSP/SensorTile/SensorTile.o
LOAD Drivers/BSP/SensorTile/SensorTile_accelero.o
LOAD Drivers/BSP/SensorTile/SensorTile_gg.o
LOAD Drivers/BSP/SensorTile/SensorTile_gyro.o
LOAD Drivers/BSP/SensorTile/SensorTile_humidity.o
LOAD Drivers/BSP/SensorTile/SensorTile_magneto.o
LOAD Drivers/BSP/SensorTile/SensorTile_pressure.o
LOAD Drivers/BSP/SensorTile/SensorTile_sd.o
LOAD Drivers/BSP/SensorTile/SensorTile_temperature.o
LOAD Drivers/CMSIS/system_stm32l4xx.o
LOAD Drivers/STM32L4xx_HAL_Driver/stm32l4xx_hal.o
LOAD Drivers/STM32L4xx_HAL_Driver/stm32l4xx_hal_cortex.o
LOAD Drivers/STM32L4xx_HAL_Driver/stm32l4xx_hal_dma.o
LOAD Drivers/STM32L4xx_HAL_Driver/stm32l4xx_hal_gpio.o
LOAD Drivers/STM32L4xx_HAL_Driver/stm32l4xx_hal_i2c.o
LOAD Drivers/STM32L4xx_HAL_Driver/stm32l4xx_hal_i2c_ex.o
LOAD Drivers/STM32L4xx_HAL_Driver/stm32l4xx_hal_pcd.o
LOAD Drivers/STM32L4xx_HAL_Driver/stm32l4xx_hal_pcd_ex.o
LOAD Drivers/STM32L4xx_HAL_Driver/stm32l4xx_hal_pwr.o
LOAD Drivers/STM32L4xx_HAL_Driver/stm32l4xx_hal_pwr_ex.o
LOAD Drivers/STM32L4xx_HAL_Driver/stm32l4xx_hal_rcc.o
LOAD Drivers/STM32L4xx_HAL_Driver/stm32l4xx_hal_rcc_ex.o
LOAD Drivers/STM32L4xx_HAL_Driver/stm32l4xx_hal_rtc.o
LOAD Drivers/STM32L4xx_HAL_Driver/stm32l4xx_hal_rtc_ex.o
LOAD Drivers/STM32L4xx_HAL_Driver/stm32l4xx_hal_spi.o
LOAD Drivers/STM32L4xx_HAL_Driver/stm32l4xx_hal_spi_ex.o
LOAD Drivers/STM32L4xx_HAL_Driver/stm32l4xx_hal_tim.o
LOAD Drivers/STM32L4xx_HAL_Driver/stm32l4xx_hal_tim_ex.o
LOAD Drivers/STM32L4xx_HAL_Driver/stm32l4xx_ll_usb.o
LOAD Middlewares/FatFs/diskio.o
LOAD Middlewares/FatFs/ff.o
LOAD Middlewares/FatFs/ff_gen_drv.o
LOAD Middlewares/FatFs/sd_diskio.o
LOAD Middlewares/FatFs/syscall.o
LOAD Middlewares/FatFs/unicode.o
LOAD Middlewares/STM32_USBD_Library/Class/usbd_cdc.o
LOAD Middlewares/STM32_USBD_Library/Core/usbd_core.o
LOAD Middlewares/STM32_USBD_Library/Core/usbd_ctlreq.o
LOAD Middlewares/STM32_USBD_Library/Core/usbd_ioreq.o
LOAD /Applications/Ac6/SystemWorkbench.app/Contents/Eclipse/plugins/fr.ac6.mcu.externaltools.arm-none.macos64_1.15.0.201708311556/tools/compiler/bin/../lib/gcc/arm-none-eabi/6.3.1/../../../../arm-none-eabi/lib/thumb/v7e-m/fpv4-sp/hard/libm.a
START GROUP
LOAD /Applications/Ac6/SystemWorkbench.app/Contents/Eclipse/plugins/fr.ac6.mcu.externaltools.arm-none.macos64_1.15.0.201708311556/tools/compiler/bin/../lib/gcc/arm-none-eabi/6.3.1/thumb/v7e-m/fpv4-sp/hard/libgcc.a
LOAD /Applications/Ac6/SystemWorkbench.app/Contents/Eclipse/plugins/fr.ac6.mcu.externaltools.arm-none.macos64_1.15.0.201708311556/tools/compiler/bin/../lib/gcc/arm-none-eabi/6.3.1/../../../../arm-none-eabi/lib/thumb/v7e-m/fpv4-sp/hard/libc_nano.a
END GROUP
START GROUP
LOAD /Applications/Ac6/SystemWorkbench.app/Contents/Eclipse/plugins/fr.ac6.mcu.externaltools.arm-none.macos64_1.15.0.201708311556/tools/compiler/bin/../lib/gcc/arm-none-eabi/6.3.1/thumb/v7e-m/fpv4-sp/hard/libgcc.a
LOAD /Applications/Ac6/SystemWorkbench.app/Contents/Eclipse/plugins/fr.ac6.mcu.externaltools.arm-none.macos64_1.15.0.201708311556/tools/compiler/bin/../lib/gcc/arm-none-eabi/6.3.1/../../../../arm-none-eabi/lib/thumb/v7e-m/fpv4-sp/hard/libc_nano.a
END GROUP
LOAD /Applications/Ac6/SystemWorkbench.app/Contents/Eclipse/plugins/fr.ac6.mcu.externaltools.arm-none.macos64_1.15.0.201708311556/tools/compiler/bin/../lib/gcc/arm-none-eabi/6.3.1/thumb/v7e-m/fpv4-sp/hard/crtend.o
LOAD /Applications/Ac6/SystemWorkbench.app/Contents/Eclipse/plugins/fr.ac6.mcu.externaltools.arm-none.macos64_1.15.0.201708311556/tools/compiler/bin/../lib/gcc/arm-none-eabi/6.3.1/thumb/v7e-m/fpv4-sp/hard/crtn.o
                0x0000000020017fff                _estack = 0x20017fff
                0x0000000000002000                _Min_Heap_Size = 0x2000
                0x0000000000002000                _Min_Stack_Size = 0x2000

.isr_vector     0x0000000008004000      0x188
                0x0000000008004000                . = ALIGN (0x8)
 *(.isr_vector)
 .isr_vector    0x0000000008004000      0x188 DataLog/SW4STM32/startup_stm32l476xx.o
                0x0000000008004000                g_pfnVectors
                0x0000000008004188                . = ALIGN (0x8)

.text           0x0000000008004190    0x1bc88
                0x0000000008004190                . = ALIGN (0x8)
 *(.text)
 .text          0x0000000008004190       0x6c /Applications/Ac6/SystemWorkbench.app/Contents/Eclipse/plugins/fr.ac6.mcu.externaltools.arm-none.macos64_1.15.0.201708311556/tools/compiler/bin/../lib/gcc/arm-none-eabi/6.3.1/thumb/v7e-m/fpv4-sp/hard/crtbegin.o
 .text          0x00000000080041fc      0x370 /Applications/Ac6/SystemWorkbench.app/Contents/Eclipse/plugins/fr.ac6.mcu.externaltools.arm-none.macos64_1.15.0.201708311556/tools/compiler/bin/../lib/gcc/arm-none-eabi/6.3.1/thumb/v7e-m/fpv4-sp/hard/libgcc.a(_arm_addsubdf3.o)
                0x00000000080041fc                __aeabi_drsub
                0x0000000008004204                __subdf3
                0x0000000008004204                __aeabi_dsub
                0x0000000008004208                __aeabi_dadd
                0x0000000008004208                __adddf3
                0x0000000008004480                __aeabi_ui2d
                0x0000000008004480                __floatunsidf
                0x00000000080044a0                __floatsidf
                0x00000000080044a0                __aeabi_i2d
                0x00000000080044c4                __extendsfdf2
                0x00000000080044c4                __aeabi_f2d
                0x0000000008004500                __aeabi_ul2d
                0x0000000008004500                __floatundidf
                0x0000000008004510                __aeabi_l2d
                0x0000000008004510                __floatdidf
 .text          0x000000000800456c      0x424 /Applications/Ac6/SystemWorkbench.app/Contents/Eclipse/plugins/fr.ac6.mcu.externaltools.arm-none.macos64_1.15.0.201708311556/tools/compiler/bin/../lib/gcc/arm-none-eabi/6.3.1/thumb/v7e-m/fpv4-sp/hard/libgcc.a(_arm_muldivdf3.o)
                0x000000000800456c                __aeabi_dmul
                0x000000000800456c                __muldf3
                0x00000000080047c0                __aeabi_ddiv
                0x00000000080047c0                __divdf3
 .text          0x0000000008004990      0x110 /Applications/Ac6/SystemWorkbench.app/Contents/Eclipse/plugins/fr.ac6.mcu.externaltools.arm-none.macos64_1.15.0.201708311556/tools/compiler/bin/../lib/gcc/arm-none-eabi/6.3.1/thumb/v7e-m/fpv4-sp/hard/libgcc.a(_arm_cmpdf2.o)
                0x0000000008004990                __gedf2
                0x0000000008004990                __gtdf2
                0x0000000008004998                __ledf2
                0x0000000008004998                __ltdf2
                0x00000000080049a0                __cmpdf2
                0x00000000080049a0                __eqdf2
                0x00000000080049a0                __nedf2
                0x0000000008004a1c                __aeabi_cdrcmple
                0x0000000008004a2c                __aeabi_cdcmple
                0x0000000008004a2c                __aeabi_cdcmpeq
                0x0000000008004a3c                __aeabi_dcmpeq
                0x0000000008004a50                __aeabi_dcmplt
                0x0000000008004a64                __aeabi_dcmple
                0x0000000008004a78                __aeabi_dcmpge
                0x0000000008004a8c                __aeabi_dcmpgt
 .text          0x0000000008004aa0       0x2c /Applications/Ac6/SystemWorkbench.app/Contents/Eclipse/plugins/fr.ac6.mcu.externaltools.arm-none.macos64_1.15.0.201708311556/tools/compiler/bin/../lib/gcc/arm-none-eabi/6.3.1/thumb/v7e-m/fpv4-sp/hard/libgcc.a(_arm_unorddf2.o)
                0x0000000008004aa0                __aeabi_dcmpun
                0x0000000008004aa0                __unorddf2
 .text          0x0000000008004acc       0x50 /Applications/Ac6/SystemWorkbench.app/Contents/Eclipse/plugins/fr.ac6.mcu.externaltools.arm-none.macos64_1.15.0.201708311556/tools/compiler/bin/../lib/gcc/arm-none-eabi/6.3.1/thumb/v7e-m/fpv4-sp/hard/libgcc.a(_arm_fixdfsi.o)
                0x0000000008004acc                __fixdfsi
                0x0000000008004acc                __aeabi_d2iz
 .text          0x0000000008004b1c       0xa0 /Applications/Ac6/SystemWorkbench.app/Contents/Eclipse/plugins/fr.ac6.mcu.externaltools.arm-none.macos64_1.15.0.201708311556/tools/compiler/bin/../lib/gcc/arm-none-eabi/6.3.1/thumb/v7e-m/fpv4-sp/hard/libgcc.a(_arm_truncdfsf2.o)
                0x0000000008004b1c                __aeabi_d2f
                0x0000000008004b1c                __truncdfsf2
 .text          0x0000000008004bbc       0xa0 /Applications/Ac6/SystemWorkbench.app/Contents/Eclipse/plugins/fr.ac6.mcu.externaltools.arm-none.macos64_1.15.0.201708311556/tools/compiler/bin/../lib/gcc/arm-none-eabi/6.3.1/thumb/v7e-m/fpv4-sp/hard/libgcc.a(_aeabi_ldivmod.o)
                0x0000000008004bbc                __aeabi_ldivmod
 .text          0x0000000008004c5c      0x2dc /Applications/Ac6/SystemWorkbench.app/Contents/Eclipse/plugins/fr.ac6.mcu.externaltools.arm-none.macos64_1.15.0.201708311556/tools/compiler/bin/../lib/gcc/arm-none-eabi/6.3.1/thumb/v7e-m/fpv4-sp/hard/libgcc.a(_udivmoddi4.o)
                0x0000000008004c5c                __udivmoddi4
 .text          0x0000000008004f38        0x4 /Applications/Ac6/SystemWorkbench.app/Contents/Eclipse/plugins/fr.ac6.mcu.externaltools.arm-none.macos64_1.15.0.201708311556/tools/compiler/bin/../lib/gcc/arm-none-eabi/6.3.1/thumb/v7e-m/fpv4-sp/hard/libgcc.a(_dvmd_tls.o)
                0x0000000008004f38                __aeabi_ldiv0
                0x0000000008004f38                __aeabi_idiv0
 .text          0x0000000008004f3c       0x10 /Applications/Ac6/SystemWorkbench.app/Contents/Eclipse/plugins/fr.ac6.mcu.externaltools.arm-none.macos64_1.15.0.201708311556/tools/compiler/bin/../lib/gcc/arm-none-eabi/6.3.1/../../../../arm-none-eabi/lib/thumb/v7e-m/fpv4-sp/hard/libc_nano.a(lib_a-strlen.o)
                0x0000000008004f3c                strlen
 *fill*         0x0000000008004f4c        0x4 
 .text          0x0000000008004f50       0xa0 /Applications/Ac6/SystemWorkbench.app/Contents/Eclipse/plugins/fr.ac6.mcu.externaltools.arm-none.macos64_1.15.0.201708311556/tools/compiler/bin/../lib/gcc/arm-none-eabi/6.3.1/../../../../arm-none-eabi/lib/thumb/v7e-m/fpv4-sp/hard/libc_nano.a(lib_a-memchr.o)
                0x0000000008004f50                memchr
 *(.text*)
 .text.Reset_Handler
                0x0000000008004ff0       0x50 DataLog/SW4STM32/startup_stm32l476xx.o
                0x0000000008004ff0                Reset_Handler
 .text.Default_Handler
                0x0000000008005040        0x2 DataLog/SW4STM32/startup_stm32l476xx.o
                0x0000000008005040                TIM1_BRK_TIM15_IRQHandler
                0x0000000008005040                TIM8_TRG_COM_IRQHandler
                0x0000000008005040                TIM8_CC_IRQHandler
                0x0000000008005040                TIM1_CC_IRQHandler
                0x0000000008005040                TSC_IRQHandler
                0x0000000008005040                TAMP_STAMP_IRQHandler
                0x0000000008005040                PendSV_Handler
                0x0000000008005040                EXTI3_IRQHandler
                0x0000000008005040                LPTIM2_IRQHandler
                0x0000000008005040                DFSDM1_FLT1_IRQHandler
                0x0000000008005040                I2C3_ER_IRQHandler
                0x0000000008005040                DFSDM1_FLT2_IRQHandler
                0x0000000008005040                EXTI0_IRQHandler
                0x0000000008005040                I2C2_EV_IRQHandler
                0x0000000008005040                CAN1_RX0_IRQHandler
                0x0000000008005040                FPU_IRQHandler
                0x0000000008005040                TIM1_UP_TIM16_IRQHandler
                0x0000000008005040                UsageFault_Handler
                0x0000000008005040                ADC1_2_IRQHandler
                0x0000000008005040                SPI1_IRQHandler
                0x0000000008005040                TIM6_DAC_IRQHandler
                0x0000000008005040                TIM8_UP_IRQHandler
                0x0000000008005040                DMA2_Channel2_IRQHandler
                0x0000000008005040                DMA1_Channel4_IRQHandler
                0x0000000008005040                SAI2_IRQHandler
                0x0000000008005040                DFSDM1_FLT3_IRQHandler
                0x0000000008005040                USART3_IRQHandler
                0x0000000008005040                DMA1_Channel7_IRQHandler
                0x0000000008005040                CAN1_RX1_IRQHandler
                0x0000000008005040                LCD_IRQHandler
                0x0000000008005040                UART5_IRQHandler
                0x0000000008005040                ADC3_IRQHandler
                0x0000000008005040                TIM4_IRQHandler
                0x0000000008005040                DMA2_Channel1_IRQHandler
                0x0000000008005040                QUADSPI_IRQHandler
                0x0000000008005040                I2C1_EV_IRQHandler
                0x0000000008005040                DMA1_Channel6_IRQHandler
                0x0000000008005040                UART4_IRQHandler
                0x0000000008005040                DMA2_Channel4_IRQHandler
                0x0000000008005040                RCC_IRQHandler
                0x0000000008005040                DMA1_Channel1_IRQHandler
                0x0000000008005040                Default_Handler
                0x0000000008005040                DMA2_Channel7_IRQHandler
                0x0000000008005040                EXTI15_10_IRQHandler
                0x0000000008005040                TIM7_IRQHandler
                0x0000000008005040                SDMMC1_IRQHandler
                0x0000000008005040                TIM5_IRQHandler
                0x0000000008005040                I2C3_EV_IRQHandler
                0x0000000008005040                EXTI9_5_IRQHandler
                0x0000000008005040                RTC_WKUP_IRQHandler
                0x0000000008005040                PVD_PVM_IRQHandler
                0x0000000008005040                SPI2_IRQHandler
                0x0000000008005040                MemManage_Handler
                0x0000000008005040                CAN1_TX_IRQHandler
                0x0000000008005040                SVC_Handler
                0x0000000008005040                DMA2_Channel5_IRQHandler
                0x0000000008005040                DMA1_Channel5_IRQHandler
                0x0000000008005040                EXTI4_IRQHandler
                0x0000000008005040                RNG_IRQHandler
                0x0000000008005040                TIM1_TRG_COM_TIM17_IRQHandler
                0x0000000008005040                DMA1_Channel3_IRQHandler
                0x0000000008005040                COMP_IRQHandler
                0x0000000008005040                WWDG_IRQHandler
                0x0000000008005040                LPUART1_IRQHandler
                0x0000000008005040                DMA2_Channel6_IRQHandler
                0x0000000008005040                TIM2_IRQHandler
                0x0000000008005040                EXTI1_IRQHandler
                0x0000000008005040                USART2_IRQHandler
                0x0000000008005040                DFSDM1_FLT0_IRQHandler
                0x0000000008005040                I2C2_ER_IRQHandler
                0x0000000008005040                DMA1_Channel2_IRQHandler
                0x0000000008005040                TIM8_BRK_IRQHandler
                0x0000000008005040                CAN1_SCE_IRQHandler
                0x0000000008005040                FLASH_IRQHandler
                0x0000000008005040                BusFault_Handler
                0x0000000008005040                USART1_IRQHandler
                0x0000000008005040                SPI3_IRQHandler
                0x0000000008005040                I2C1_ER_IRQHandler
                0x0000000008005040                FMC_IRQHandler
                0x0000000008005040                SWPMI1_IRQHandler
                0x0000000008005040                LPTIM1_IRQHandler
                0x0000000008005040                SAI1_IRQHandler
                0x0000000008005040                DMA2_Channel3_IRQHandler
                0x0000000008005040                RTC_Alarm_IRQHandler
 *fill*         0x0000000008005042        0x2 
 .text.SystemClock_Config
                0x0000000008005044      0x144 DataLog/User/cube_hal_l4.o
                0x0000000008005044                SystemClock_Config
 .text.Error_Handler
                0x0000000008005188        0x6 DataLog/User/cube_hal_l4.o
 *fill*         0x000000000800518e        0x2 
 .text.DATALOG_SD_Init
                0x0000000008005190       0x54 DataLog/User/datalog_application.o
                0x0000000008005190                DATALOG_SD_Init
 .text.DATALOG_SD_Log_Enable
                0x00000000080051e4       0xa0 DataLog/User/datalog_application.o
                0x00000000080051e4                DATALOG_SD_Log_Enable
 .text.DATALOG_SD_Log_Disable
                0x0000000008005284       0x18 DataLog/User/datalog_application.o
                0x0000000008005284                DATALOG_SD_Log_Disable
 .text.DATALOG_SD_NewLine
                0x000000000800529c       0x24 DataLog/User/datalog_application.o
                0x000000000800529c                DATALOG_SD_NewLine
 .text.RTC_Handler
                0x00000000080052c0       0xb4 DataLog/User/datalog_application.o
                0x00000000080052c0                RTC_Handler
 *fill*         0x0000000008005374        0x4 
 .text.Accelero_Sensor_Handler
                0x0000000008005378      0x598 DataLog/User/datalog_application.o
                0x0000000008005378                Accelero_Sensor_Handler
 .text.floatToInt
                0x0000000008005910       0xc8 DataLog/User/datalog_application.o
                0x0000000008005910                floatToInt
 .text.main     0x00000000080059d8      0x178 DataLog/User/main.o
                0x00000000080059d8                main
 .text.initializeAllSensors
                0x0000000008005b50       0xf4 DataLog/User/main.o
 .text.enableAllSensors
                0x0000000008005c44       0x88 DataLog/User/main.o
                0x0000000008005c44                enableAllSensors
 .text.RTC_Config
                0x0000000008005ccc       0x4c DataLog/User/main.o
 .text.RTC_TimeStampConfig
                0x0000000008005d18       0x68 DataLog/User/main.o
 .text.HAL_GPIO_EXTI_Callback
                0x0000000008005d80       0x20 DataLog/User/main.o
                0x0000000008005d80                HAL_GPIO_EXTI_Callback
 .text.Error_Handler
                0x0000000008005da0        0x6 DataLog/User/main.o
 *fill*         0x0000000008005da6        0x2 
 .text.HAL_RTC_MspInit
                0x0000000008005da8       0x34 DataLog/User/stm32l4xx_hal_msp.o
                0x0000000008005da8                HAL_RTC_MspInit
 .text.NMI_Handler
                0x0000000008005ddc        0xe DataLog/User/stm32l4xx_it.o
                0x0000000008005ddc                NMI_Handler
 .text.HardFault_Handler
                0x0000000008005dea        0x6 DataLog/User/stm32l4xx_it.o
                0x0000000008005dea                HardFault_Handler
 .text.DebugMon_Handler
                0x0000000008005df0        0xe DataLog/User/stm32l4xx_it.o
                0x0000000008005df0                DebugMon_Handler
 .text.SysTick_Handler
                0x0000000008005dfe        0xc DataLog/User/stm32l4xx_it.o
                0x0000000008005dfe                SysTick_Handler
 *fill*         0x0000000008005e0a        0x2 
 .text.OTG_FS_IRQHandler
                0x0000000008005e0c       0x14 DataLog/User/stm32l4xx_it.o
                0x0000000008005e0c                OTG_FS_IRQHandler
 .text.TIM3_IRQHandler
                0x0000000008005e20       0x14 DataLog/User/stm32l4xx_it.o
                0x0000000008005e20                TIM3_IRQHandler
 .text.EXTI2_IRQHandler
                0x0000000008005e34        0xe DataLog/User/stm32l4xx_it.o
                0x0000000008005e34                EXTI2_IRQHandler
 *fill*         0x0000000008005e42        0x2 
 .text._sbrk    0x0000000008005e44       0x58 DataLog/User/syscalls.o
                0x0000000008005e44                _sbrk
 .text._write   0x0000000008005e9c       0x38 DataLog/User/syscalls.o
                0x0000000008005e9c                _write
 .text._close   0x0000000008005ed4       0x18 DataLog/User/syscalls.o
                0x0000000008005ed4                _close
 .text._fstat   0x0000000008005eec       0x20 DataLog/User/syscalls.o
                0x0000000008005eec                _fstat
 .text._isatty  0x0000000008005f0c       0x16 DataLog/User/syscalls.o
                0x0000000008005f0c                _isatty
 .text._lseek   0x0000000008005f22       0x1a DataLog/User/syscalls.o
                0x0000000008005f22                _lseek
 .text._read    0x0000000008005f3c       0x22 DataLog/User/syscalls.o
                0x0000000008005f3c                _read
 *fill*         0x0000000008005f5e        0x2 
 .text.CDC_Itf_Init
                0x0000000008005f60       0x74 DataLog/User/usbd_cdc_interface.o
 .text.CDC_Itf_DeInit
                0x0000000008005fd4       0x10 DataLog/User/usbd_cdc_interface.o
 .text.CDC_Itf_Control
                0x0000000008005fe4      0x15c DataLog/User/usbd_cdc_interface.o
 .text.CDC_Fill_Buffer
                0x0000000008006140       0x54 DataLog/User/usbd_cdc_interface.o
                0x0000000008006140                CDC_Fill_Buffer
 .text.HAL_TIM_PeriodElapsedCallback
                0x0000000008006194       0x90 DataLog/User/usbd_cdc_interface.o
                0x0000000008006194                HAL_TIM_PeriodElapsedCallback
 .text.CDC_Itf_Receive
                0x0000000008006224       0x18 DataLog/User/usbd_cdc_interface.o
 .text.TIM_Config
                0x000000000800623c       0x40 DataLog/User/usbd_cdc_interface.o
 .text.Error_Handler
                0x000000000800627c        0xe DataLog/User/usbd_cdc_interface.o
 *fill*         0x000000000800628a        0x2 
 .text.HAL_PCD_MspInit
                0x000000000800628c       0x78 DataLog/User/usbd_conf.o
                0x000000000800628c                HAL_PCD_MspInit
 .text.HAL_PCD_SetupStageCallback
                0x0000000008006304       0x24 DataLog/User/usbd_conf.o
                0x0000000008006304                HAL_PCD_SetupStageCallback
 .text.HAL_PCD_DataOutStageCallback
                0x0000000008006328       0x36 DataLog/User/usbd_conf.o
                0x0000000008006328                HAL_PCD_DataOutStageCallback
 .text.HAL_PCD_DataInStageCallback
                0x000000000800635e       0x34 DataLog/User/usbd_conf.o
                0x000000000800635e                HAL_PCD_DataInStageCallback
 .text.HAL_PCD_SOFCallback
                0x0000000008006392       0x1c DataLog/User/usbd_conf.o
                0x0000000008006392                HAL_PCD_SOFCallback
 .text.HAL_PCD_ResetCallback
                0x00000000080063ae       0x2a DataLog/User/usbd_conf.o
                0x00000000080063ae                HAL_PCD_ResetCallback
 .text.HAL_PCD_SuspendCallback
                0x00000000080063d8       0x1c DataLog/User/usbd_conf.o
                0x00000000080063d8                HAL_PCD_SuspendCallback
 .text.HAL_PCD_ResumeCallback
                0x00000000080063f4       0x1c DataLog/User/usbd_conf.o
                0x00000000080063f4                HAL_PCD_ResumeCallback
 .text.HAL_PCD_ISOOUTIncompleteCallback
                0x0000000008006410       0x24 DataLog/User/usbd_conf.o
                0x0000000008006410                HAL_PCD_ISOOUTIncompleteCallback
 .text.HAL_PCD_ISOINIncompleteCallback
                0x0000000008006434       0x24 DataLog/User/usbd_conf.o
                0x0000000008006434                HAL_PCD_ISOINIncompleteCallback
 .text.HAL_PCD_ConnectCallback
                0x0000000008006458       0x1c DataLog/User/usbd_conf.o
                0x0000000008006458                HAL_PCD_ConnectCallback
 .text.HAL_PCD_DisconnectCallback
                0x0000000008006474       0x1c DataLog/User/usbd_conf.o
                0x0000000008006474                HAL_PCD_DisconnectCallback
 .text.USBD_LL_Init
                0x0000000008006490       0x94 DataLog/User/usbd_conf.o
                0x0000000008006490                USBD_LL_Init
 .text.USBD_LL_Start
                0x0000000008006524       0x1e DataLog/User/usbd_conf.o
                0x0000000008006524                USBD_LL_Start
 .text.USBD_LL_OpenEP
                0x0000000008006542       0x34 DataLog/User/usbd_conf.o
                0x0000000008006542                USBD_LL_OpenEP
 .text.USBD_LL_CloseEP
                0x0000000008006576       0x26 DataLog/User/usbd_conf.o
                0x0000000008006576                USBD_LL_CloseEP
 .text.USBD_LL_StallEP
                0x000000000800659c       0x26 DataLog/User/usbd_conf.o
                0x000000000800659c                USBD_LL_StallEP
 .text.USBD_LL_ClearStallEP
                0x00000000080065c2       0x26 DataLog/User/usbd_conf.o
                0x00000000080065c2                USBD_LL_ClearStallEP
 .text.USBD_LL_IsStallEP
                0x00000000080065e8       0x58 DataLog/User/usbd_conf.o
                0x00000000080065e8                USBD_LL_IsStallEP
 .text.USBD_LL_SetUSBAddress
                0x0000000008006640       0x26 DataLog/User/usbd_conf.o
                0x0000000008006640                USBD_LL_SetUSBAddress
 .text.USBD_LL_Transmit
                0x0000000008006666       0x2e DataLog/User/usbd_conf.o
                0x0000000008006666                USBD_LL_Transmit
 .text.USBD_LL_PrepareReceive
                0x0000000008006694       0x2e DataLog/User/usbd_conf.o
                0x0000000008006694                USBD_LL_PrepareReceive
 .text.USBD_LL_GetRxDataSize
                0x00000000080066c2       0x26 DataLog/User/usbd_conf.o
                0x00000000080066c2                USBD_LL_GetRxDataSize
 .text.USBD_VCP_DeviceDescriptor
                0x00000000080066e8       0x24 DataLog/User/usbd_desc.o
                0x00000000080066e8                USBD_VCP_DeviceDescriptor
 .text.USBD_VCP_LangIDStrDescriptor
                0x000000000800670c       0x24 DataLog/User/usbd_desc.o
                0x000000000800670c                USBD_VCP_LangIDStrDescriptor
 .text.USBD_VCP_ProductStrDescriptor
                0x0000000008006730       0x28 DataLog/User/usbd_desc.o
                0x0000000008006730                USBD_VCP_ProductStrDescriptor
 .text.USBD_VCP_ManufacturerStrDescriptor
                0x0000000008006758       0x28 DataLog/User/usbd_desc.o
                0x0000000008006758                USBD_VCP_ManufacturerStrDescriptor
 .text.USBD_VCP_SerialStrDescriptor
                0x0000000008006780       0x24 DataLog/User/usbd_desc.o
                0x0000000008006780                USBD_VCP_SerialStrDescriptor
 .text.USBD_VCP_ConfigStrDescriptor
                0x00000000080067a4       0x28 DataLog/User/usbd_desc.o
                0x00000000080067a4                USBD_VCP_ConfigStrDescriptor
 .text.USBD_VCP_InterfaceStrDescriptor
                0x00000000080067cc       0x28 DataLog/User/usbd_desc.o
                0x00000000080067cc                USBD_VCP_InterfaceStrDescriptor
 .text.Get_SerialNum
                0x00000000080067f4       0x58 DataLog/User/usbd_desc.o
 .text.IntToUnicode
                0x000000000800684c       0x7c DataLog/User/usbd_desc.o
 .text.HTS221_ReadReg
                0x00000000080068c8       0x32 Drivers/BSP/Components/HTS221_Driver.o
                0x00000000080068c8                HTS221_ReadReg
 .text.HTS221_WriteReg
                0x00000000080068fa       0x32 Drivers/BSP/Components/HTS221_Driver.o
                0x00000000080068fa                HTS221_WriteReg
 .text.HTS221_Get_DeviceID
                0x000000000800692c       0x2a Drivers/BSP/Components/HTS221_Driver.o
                0x000000000800692c                HTS221_Get_DeviceID
 *fill*         0x0000000008006956        0x2 
 .text.HTS221_Get_Humidity
                0x0000000008006958      0x154 Drivers/BSP/Components/HTS221_Driver.o
                0x0000000008006958                HTS221_Get_Humidity
 .text.HTS221_Get_Temperature
                0x0000000008006aac      0x14c Drivers/BSP/Components/HTS221_Driver.o
                0x0000000008006aac                HTS221_Get_Temperature
 .text.HTS221_Get_DataStatus
                0x0000000008006bf8       0x48 Drivers/BSP/Components/HTS221_Driver.o
                0x0000000008006bf8                HTS221_Get_DataStatus
 .text.HTS221_Activate
                0x0000000008006c40       0x4c Drivers/BSP/Components/HTS221_Driver.o
                0x0000000008006c40                HTS221_Activate
 .text.HTS221_DeActivate
                0x0000000008006c8c       0x4c Drivers/BSP/Components/HTS221_Driver.o
                0x0000000008006c8c                HTS221_DeActivate
 .text.HTS221_Set_BduMode
                0x0000000008006cd8       0x7c Drivers/BSP/Components/HTS221_Driver.o
                0x0000000008006cd8                HTS221_Set_BduMode
 .text.HTS221_Set_Odr
                0x0000000008006d54       0x80 Drivers/BSP/Components/HTS221_Driver.o
                0x0000000008006d54                HTS221_Set_Odr
 .text.HTS221_Get_Odr
                0x0000000008006dd4       0x3c Drivers/BSP/Components/HTS221_Driver.o
                0x0000000008006dd4                HTS221_Get_Odr
 .text.HTS221_assert_failed
                0x0000000008006e10       0x1c Drivers/BSP/Components/HTS221_Driver.o
                0x0000000008006e10                HTS221_assert_failed
 .text.HTS221_H_Init
                0x0000000008006e2c       0x42 Drivers/BSP/Components/HTS221_Driver_HL.o
 .text.HTS221_H_DeInit
                0x0000000008006e6e       0x42 Drivers/BSP/Components/HTS221_Driver_HL.o
 .text.HTS221_H_Sensor_Enable
                0x0000000008006eb0       0x4e Drivers/BSP/Components/HTS221_Driver_HL.o
 .text.HTS221_H_Sensor_Disable
                0x0000000008006efe       0x4e Drivers/BSP/Components/HTS221_Driver_HL.o
 .text.HTS221_H_Get_WhoAmI
                0x0000000008006f4c       0x1c Drivers/BSP/Components/HTS221_Driver_HL.o
 .text.HTS221_H_Check_WhoAmI
                0x0000000008006f68       0x18 Drivers/BSP/Components/HTS221_Driver_HL.o
 .text.HTS221_H_Get_Hum
                0x0000000008006f80       0x1c Drivers/BSP/Components/HTS221_Driver_HL.o
 .text.HTS221_H_Get_ODR
                0x0000000008006f9c       0x1c Drivers/BSP/Components/HTS221_Driver_HL.o
 .text.HTS221_H_Set_ODR
                0x0000000008006fb8       0x20 Drivers/BSP/Components/HTS221_Driver_HL.o
 .text.HTS221_H_Set_ODR_Value
                0x0000000008006fd8       0x20 Drivers/BSP/Components/HTS221_Driver_HL.o
 .text.HTS221_H_Read_Reg
                0x0000000008006ff8       0x2e Drivers/BSP/Components/HTS221_Driver_HL.o
 .text.HTS221_H_Write_Reg
                0x0000000008007026       0x30 Drivers/BSP/Components/HTS221_Driver_HL.o
 .text.HTS221_H_Get_DRDY_Status
                0x0000000008007056       0x4c Drivers/BSP/Components/HTS221_Driver_HL.o
 .text.HTS221_T_Init
                0x00000000080070a2       0x42 Drivers/BSP/Components/HTS221_Driver_HL.o
 .text.HTS221_T_DeInit
                0x00000000080070e4       0x42 Drivers/BSP/Components/HTS221_Driver_HL.o
 .text.HTS221_T_Sensor_Enable
                0x0000000008007126       0x4e Drivers/BSP/Components/HTS221_Driver_HL.o
 .text.HTS221_T_Sensor_Disable
                0x0000000008007174       0x4e Drivers/BSP/Components/HTS221_Driver_HL.o
 .text.HTS221_T_Get_WhoAmI
                0x00000000080071c2       0x1c Drivers/BSP/Components/HTS221_Driver_HL.o
 .text.HTS221_T_Check_WhoAmI
                0x00000000080071de       0x18 Drivers/BSP/Components/HTS221_Driver_HL.o
 .text.HTS221_T_Get_Temp
                0x00000000080071f6       0x1c Drivers/BSP/Components/HTS221_Driver_HL.o
 .text.HTS221_T_Get_ODR
                0x0000000008007212       0x1c Drivers/BSP/Components/HTS221_Driver_HL.o
 .text.HTS221_T_Set_ODR
                0x000000000800722e       0x20 Drivers/BSP/Components/HTS221_Driver_HL.o
 .text.HTS221_T_Set_ODR_Value
                0x000000000800724e       0x20 Drivers/BSP/Components/HTS221_Driver_HL.o
 .text.HTS221_T_Read_Reg
                0x000000000800726e       0x2e Drivers/BSP/Components/HTS221_Driver_HL.o
 .text.HTS221_T_Write_Reg
                0x000000000800729c       0x30 Drivers/BSP/Components/HTS221_Driver_HL.o
 .text.HTS221_T_Get_DRDY_Status
                0x00000000080072cc       0x4c Drivers/BSP/Components/HTS221_Driver_HL.o
 .text.HTS221_Init
                0x0000000008007318       0x56 Drivers/BSP/Components/HTS221_Driver_HL.o
 .text.HTS221_Sensor_Enable
                0x000000000800736e       0x22 Drivers/BSP/Components/HTS221_Driver_HL.o
 .text.HTS221_Sensor_Disable
                0x0000000008007390       0x22 Drivers/BSP/Components/HTS221_Driver_HL.o
 .text.HTS221_Get_WhoAmI
                0x00000000080073b2       0x26 Drivers/BSP/Components/HTS221_Driver_HL.o
 .text.HTS221_Check_WhoAmI
                0x00000000080073d8       0x3a Drivers/BSP/Components/HTS221_Driver_HL.o
 .text.HTS221_Get_Hum
                0x0000000008007412       0x46 Drivers/BSP/Components/HTS221_Driver_HL.o
 .text.HTS221_Get_Temp
                0x0000000008007458       0x48 Drivers/BSP/Components/HTS221_Driver_HL.o
 .text.HTS221_Get_ODR
                0x00000000080074a0       0x80 Drivers/BSP/Components/HTS221_Driver_HL.o
 .text.HTS221_Set_ODR
                0x0000000008007520       0x6c Drivers/BSP/Components/HTS221_Driver_HL.o
 .text.HTS221_Set_ODR_Value
                0x000000000800758c       0x5a Drivers/BSP/Components/HTS221_Driver_HL.o
 .text.HTS221_Read_Reg
                0x00000000080075e6       0x2e Drivers/BSP/Components/HTS221_Driver_HL.o
 .text.HTS221_Write_Reg
                0x0000000008007614       0x30 Drivers/BSP/Components/HTS221_Driver_HL.o
 .text.LPS22HB_ReadReg
                0x0000000008007644       0x32 Drivers/BSP/Components/LPS22HB_Driver.o
                0x0000000008007644                LPS22HB_ReadReg
 .text.LPS22HB_WriteReg
                0x0000000008007676       0x32 Drivers/BSP/Components/LPS22HB_Driver.o
                0x0000000008007676                LPS22HB_WriteReg
 .text.LPS22HB_Get_DeviceID
                0x00000000080076a8       0x2a Drivers/BSP/Components/LPS22HB_Driver.o
                0x00000000080076a8                LPS22HB_Get_DeviceID
 .text.LPS22HB_Set_PowerMode
                0x00000000080076d2       0x5a Drivers/BSP/Components/LPS22HB_Driver.o
                0x00000000080076d2                LPS22HB_Set_PowerMode
 .text.LPS22HB_Set_Odr
                0x000000000800772c       0x5a Drivers/BSP/Components/LPS22HB_Driver.o
                0x000000000800772c                LPS22HB_Set_Odr
 .text.LPS22HB_Get_Odr
                0x0000000008007786       0x38 Drivers/BSP/Components/LPS22HB_Driver.o
                0x0000000008007786                LPS22HB_Get_Odr
 .text.LPS22HB_Set_LowPassFilter
                0x00000000080077be       0x62 Drivers/BSP/Components/LPS22HB_Driver.o
                0x00000000080077be                LPS22HB_Set_LowPassFilter
 .text.LPS22HB_Set_LowPassFilterCutoff
                0x0000000008007820       0x5a Drivers/BSP/Components/LPS22HB_Driver.o
                0x0000000008007820                LPS22HB_Set_LowPassFilterCutoff
 .text.LPS22HB_Set_Bdu
                0x000000000800787a       0x5a Drivers/BSP/Components/LPS22HB_Driver.o
                0x000000000800787a                LPS22HB_Set_Bdu
 .text.LPS22HB_SwResetAndMemoryBoot
                0x00000000080078d4       0x4c Drivers/BSP/Components/LPS22HB_Driver.o
                0x00000000080078d4                LPS22HB_SwResetAndMemoryBoot
 .text.LPS22HB_Set_FifoModeUse
                0x0000000008007920       0x62 Drivers/BSP/Components/LPS22HB_Driver.o
                0x0000000008007920                LPS22HB_Set_FifoModeUse
 .text.LPS22HB_Set_FifoWatermarkLevelUse
                0x0000000008007982       0x62 Drivers/BSP/Components/LPS22HB_Driver.o
                0x0000000008007982                LPS22HB_Set_FifoWatermarkLevelUse
 .text.LPS22HB_Set_AutomaticIncrementRegAddress
                0x00000000080079e4       0x62 Drivers/BSP/Components/LPS22HB_Driver.o
                0x00000000080079e4                LPS22HB_Set_AutomaticIncrementRegAddress
 .text.LPS22HB_Set_I2C
                0x0000000008007a46       0x66 Drivers/BSP/Components/LPS22HB_Driver.o
                0x0000000008007a46                LPS22HB_Set_I2C
 .text.LPS22HB_Set_FIFO_OVR_Interrupt
                0x0000000008007aac       0x62 Drivers/BSP/Components/LPS22HB_Driver.o
                0x0000000008007aac                LPS22HB_Set_FIFO_OVR_Interrupt
 .text.LPS22HB_Set_FIFO_FTH_Interrupt
                0x0000000008007b0e       0x62 Drivers/BSP/Components/LPS22HB_Driver.o
                0x0000000008007b0e                LPS22HB_Set_FIFO_FTH_Interrupt
 .text.LPS22HB_Set_FIFO_FULL_Interrupt
                0x0000000008007b70       0x62 Drivers/BSP/Components/LPS22HB_Driver.o
                0x0000000008007b70                LPS22HB_Set_FIFO_FULL_Interrupt
 .text.LPS22HB_Get_DataStatus
                0x0000000008007bd2       0x64 Drivers/BSP/Components/LPS22HB_Driver.o
                0x0000000008007bd2                LPS22HB_Get_DataStatus
 .text.LPS22HB_Get_RawPressure
                0x0000000008007c36       0x76 Drivers/BSP/Components/LPS22HB_Driver.o
                0x0000000008007c36                LPS22HB_Get_RawPressure
 .text.LPS22HB_Get_Pressure
                0x0000000008007cac       0x42 Drivers/BSP/Components/LPS22HB_Driver.o
                0x0000000008007cac                LPS22HB_Get_Pressure
 .text.LPS22HB_Get_RawTemperature
                0x0000000008007cee       0x44 Drivers/BSP/Components/LPS22HB_Driver.o
                0x0000000008007cee                LPS22HB_Get_RawTemperature
 *fill*         0x0000000008007d32        0x2 
 .text.LPS22HB_Get_Temperature
                0x0000000008007d34       0x50 Drivers/BSP/Components/LPS22HB_Driver.o
                0x0000000008007d34                LPS22HB_Get_Temperature
 .text.LPS22HB_Set_FifoMode
                0x0000000008007d84       0x5a Drivers/BSP/Components/LPS22HB_Driver.o
                0x0000000008007d84                LPS22HB_Set_FifoMode
 .text.LPS22HB_Get_FifoMode
                0x0000000008007dde       0x3c Drivers/BSP/Components/LPS22HB_Driver.o
                0x0000000008007dde                LPS22HB_Get_FifoMode
 .text.LPS22HB_Set_FifoWatermarkLevel
                0x0000000008007e1a       0x5a Drivers/BSP/Components/LPS22HB_Driver.o
                0x0000000008007e1a                LPS22HB_Set_FifoWatermarkLevel
 .text.LPS22HB_Get_FifoWatermarkLevel
                0x0000000008007e74       0x38 Drivers/BSP/Components/LPS22HB_Driver.o
                0x0000000008007e74                LPS22HB_Get_FifoWatermarkLevel
 .text.LPS22HB_Get_FifoStatus
                0x0000000008007eac       0x7e Drivers/BSP/Components/LPS22HB_Driver.o
                0x0000000008007eac                LPS22HB_Get_FifoStatus
 .text.LPS22HB_P_Init
                0x0000000008007f2a       0x42 Drivers/BSP/Components/LPS22HB_Driver_HL.o
 .text.LPS22HB_P_DeInit
                0x0000000008007f6c       0x40 Drivers/BSP/Components/LPS22HB_Driver_HL.o
 .text.LPS22HB_P_Sensor_Enable
                0x0000000008007fac       0x50 Drivers/BSP/Components/LPS22HB_Driver_HL.o
 .text.LPS22HB_P_Sensor_Disable
                0x0000000008007ffc       0x4e Drivers/BSP/Components/LPS22HB_Driver_HL.o
 .text.LPS22HB_P_Get_WhoAmI
                0x000000000800804a       0x1c Drivers/BSP/Components/LPS22HB_Driver_HL.o
 .text.LPS22HB_P_Check_WhoAmI
                0x0000000008008066       0x18 Drivers/BSP/Components/LPS22HB_Driver_HL.o
 .text.LPS22HB_P_Get_Press
                0x000000000800807e       0x1c Drivers/BSP/Components/LPS22HB_Driver_HL.o
 .text.LPS22HB_P_Get_ODR
                0x000000000800809a       0x1c Drivers/BSP/Components/LPS22HB_Driver_HL.o
 .text.LPS22HB_P_Set_ODR
                0x00000000080080b6       0x54 Drivers/BSP/Components/LPS22HB_Driver_HL.o
 .text.LPS22HB_P_Set_ODR_Value
                0x000000000800810a       0x54 Drivers/BSP/Components/LPS22HB_Driver_HL.o
 .text.LPS22HB_P_Read_Reg
                0x000000000800815e       0x2e Drivers/BSP/Components/LPS22HB_Driver_HL.o
 .text.LPS22HB_P_Write_Reg
                0x000000000800818c       0x30 Drivers/BSP/Components/LPS22HB_Driver_HL.o
 .text.LPS22HB_P_Get_DRDY_Status
                0x00000000080081bc       0x30 Drivers/BSP/Components/LPS22HB_Driver_HL.o
 .text.LPS22HB_T_Init
                0x00000000080081ec       0x42 Drivers/BSP/Components/LPS22HB_Driver_HL.o
 .text.LPS22HB_T_DeInit
                0x000000000800822e       0x40 Drivers/BSP/Components/LPS22HB_Driver_HL.o
 .text.LPS22HB_T_Sensor_Enable
                0x000000000800826e       0x50 Drivers/BSP/Components/LPS22HB_Driver_HL.o
 .text.LPS22HB_T_Sensor_Disable
                0x00000000080082be       0x4e Drivers/BSP/Components/LPS22HB_Driver_HL.o
 .text.LPS22HB_T_Get_WhoAmI
                0x000000000800830c       0x1c Drivers/BSP/Components/LPS22HB_Driver_HL.o
 .text.LPS22HB_T_Check_WhoAmI
                0x0000000008008328       0x18 Drivers/BSP/Components/LPS22HB_Driver_HL.o
 .text.LPS22HB_T_Get_Temp
                0x0000000008008340       0x1c Drivers/BSP/Components/LPS22HB_Driver_HL.o
 .text.LPS22HB_T_Get_ODR
                0x000000000800835c       0x1c Drivers/BSP/Components/LPS22HB_Driver_HL.o
 .text.LPS22HB_T_Set_ODR
                0x0000000008008378       0x54 Drivers/BSP/Components/LPS22HB_Driver_HL.o
 .text.LPS22HB_T_Set_ODR_Value
                0x00000000080083cc       0x54 Drivers/BSP/Components/LPS22HB_Driver_HL.o
 .text.LPS22HB_T_Read_Reg
                0x0000000008008420       0x2e Drivers/BSP/Components/LPS22HB_Driver_HL.o
 .text.LPS22HB_T_Write_Reg
                0x000000000800844e       0x30 Drivers/BSP/Components/LPS22HB_Driver_HL.o
 .text.LPS22HB_T_Get_DRDY_Status
                0x000000000800847e       0x30 Drivers/BSP/Components/LPS22HB_Driver_HL.o
 *fill*         0x00000000080084ae        0x2 
 .text.LPS22HB_Initialize
                0x00000000080084b0       0xbc Drivers/BSP/Components/LPS22HB_Driver_HL.o
 .text.LPS22HB_Get_WhoAmI
                0x000000000800856c       0x26 Drivers/BSP/Components/LPS22HB_Driver_HL.o
 .text.LPS22HB_Check_WhoAmI
                0x0000000008008592       0x3a Drivers/BSP/Components/LPS22HB_Driver_HL.o
 .text.LPS22HB_Get_Press
                0x00000000080085cc       0x4c Drivers/BSP/Components/LPS22HB_Driver_HL.o
 .text.LPS22HB_Get_Temp
                0x0000000008008618       0x48 Drivers/BSP/Components/LPS22HB_Driver_HL.o
 .text.LPS22HB_Get_ODR
                0x0000000008008660       0xa0 Drivers/BSP/Components/LPS22HB_Driver_HL.o
 .text.LPS22HB_Set_ODR_When_Enabled
                0x0000000008008700       0x88 Drivers/BSP/Components/LPS22HB_Driver_HL.o
 .text.LPS22HB_Set_ODR_When_Disabled
                0x0000000008008788       0x7c Drivers/BSP/Components/LPS22HB_Driver_HL.o
 .text.LPS22HB_Set_ODR_Value_When_Enabled
                0x0000000008008804       0xa4 Drivers/BSP/Components/LPS22HB_Driver_HL.o
 .text.LPS22HB_Set_ODR_Value_When_Disabled
                0x00000000080088a8       0x90 Drivers/BSP/Components/LPS22HB_Driver_HL.o
 .text.LPS22HB_Read_Reg
                0x0000000008008938       0x2e Drivers/BSP/Components/LPS22HB_Driver_HL.o
 .text.LPS22HB_Write_Reg
                0x0000000008008966       0x30 Drivers/BSP/Components/LPS22HB_Driver_HL.o
 .text.LPS22HB_FIFO_Get_Empty_Status
                0x0000000008008996       0x30 Drivers/BSP/Components/LPS22HB_Driver_HL.o
 .text.LPS22HB_FIFO_Get_Full_Status
                0x00000000080089c6       0x30 Drivers/BSP/Components/LPS22HB_Driver_HL.o
 .text.LPS22HB_FIFO_Get_Ovr_Status
                0x00000000080089f6       0x30 Drivers/BSP/Components/LPS22HB_Driver_HL.o
 .text.LPS22HB_FIFO_Get_Fth_Status
                0x0000000008008a26       0x30 Drivers/BSP/Components/LPS22HB_Driver_HL.o
 .text.LPS22HB_FIFO_Stop_On_Fth
                0x0000000008008a56       0x38 Drivers/BSP/Components/LPS22HB_Driver_HL.o
 .text.LPS22HB_FIFO_Usage
                0x0000000008008a8e       0x38 Drivers/BSP/Components/LPS22HB_Driver_HL.o
 .text.LPS22HB_FIFO_Get_Num_Of_Samples
                0x0000000008008ac6       0x30 Drivers/BSP/Components/LPS22HB_Driver_HL.o
 .text.LPS22HB_FIFO_Get_Data
                0x0000000008008af6       0x3a Drivers/BSP/Components/LPS22HB_Driver_HL.o
 .text.LPS22HB_FIFO_Get_Mode
                0x0000000008008b30       0x30 Drivers/BSP/Components/LPS22HB_Driver_HL.o
 .text.LPS22HB_FIFO_Set_Mode
                0x0000000008008b60       0x50 Drivers/BSP/Components/LPS22HB_Driver_HL.o
 .text.LPS22HB_FIFO_Get_Watermark_Level
                0x0000000008008bb0       0x26 Drivers/BSP/Components/LPS22HB_Driver_HL.o
 .text.LPS22HB_FIFO_Set_Watermark_Level
                0x0000000008008bd6       0x2a Drivers/BSP/Components/LPS22HB_Driver_HL.o
 .text.LPS22HB_FIFO_Watermark_Usage
                0x0000000008008c00       0x38 Drivers/BSP/Components/LPS22HB_Driver_HL.o
 .text.LPS22HB_FIFO_Set_Interrupt
                0x0000000008008c38       0x68 Drivers/BSP/Components/LPS22HB_Driver_HL.o
 .text.LPS22HB_FIFO_Reset_Interrupt
                0x0000000008008ca0       0x68 Drivers/BSP/Components/LPS22HB_Driver_HL.o
 .text.LSM303AGR_ACC_WriteReg
                0x0000000008008d08       0x34 Drivers/BSP/Components/LSM303AGR_ACC_driver.o
                0x0000000008008d08                LSM303AGR_ACC_WriteReg
 .text.LSM303AGR_ACC_ReadReg
                0x0000000008008d3c       0x34 Drivers/BSP/Components/LSM303AGR_ACC_driver.o
                0x0000000008008d3c                LSM303AGR_ACC_ReadReg
 .text.LSM303AGR_ACC_R_WHO_AM_I
                0x0000000008008d70       0x3a Drivers/BSP/Components/LSM303AGR_ACC_driver.o
                0x0000000008008d70                LSM303AGR_ACC_R_WHO_AM_I
 .text.LSM303AGR_ACC_W_BlockDataUpdate
                0x0000000008008daa       0x5a Drivers/BSP/Components/LSM303AGR_ACC_driver.o
                0x0000000008008daa                LSM303AGR_ACC_W_BlockDataUpdate
 .text.LSM303AGR_ACC_W_FullScale
                0x0000000008008e04       0x5a Drivers/BSP/Components/LSM303AGR_ACC_driver.o
                0x0000000008008e04                LSM303AGR_ACC_W_FullScale
 .text.LSM303AGR_ACC_R_FullScale
                0x0000000008008e5e       0x38 Drivers/BSP/Components/LSM303AGR_ACC_driver.o
                0x0000000008008e5e                LSM303AGR_ACC_R_FullScale
 .text.LSM303AGR_ACC_Get_Raw_Acceleration
                0x0000000008008e96       0x2a Drivers/BSP/Components/LSM303AGR_ACC_driver.o
                0x0000000008008e96                LSM303AGR_ACC_Get_Raw_Acceleration
 .text.LSM303AGR_ACC_Get_Acceleration
                0x0000000008008ec0      0x1cc Drivers/BSP/Components/LSM303AGR_ACC_driver.o
                0x0000000008008ec0                LSM303AGR_ACC_Get_Acceleration
 .text.LSM303AGR_ACC_W_ODR
                0x000000000800908c       0x5a Drivers/BSP/Components/LSM303AGR_ACC_driver.o
                0x000000000800908c                LSM303AGR_ACC_W_ODR
 .text.LSM303AGR_ACC_R_ODR
                0x00000000080090e6       0x38 Drivers/BSP/Components/LSM303AGR_ACC_driver.o
                0x00000000080090e6                LSM303AGR_ACC_R_ODR
 .text.LSM303AGR_ACC_W_XEN
                0x000000000800911e       0x5a Drivers/BSP/Components/LSM303AGR_ACC_driver.o
                0x000000000800911e                LSM303AGR_ACC_W_XEN
 .text.LSM303AGR_ACC_R_XEN
                0x0000000008009178       0x38 Drivers/BSP/Components/LSM303AGR_ACC_driver.o
                0x0000000008009178                LSM303AGR_ACC_R_XEN
 .text.LSM303AGR_ACC_W_YEN
                0x00000000080091b0       0x5a Drivers/BSP/Components/LSM303AGR_ACC_driver.o
                0x00000000080091b0                LSM303AGR_ACC_W_YEN
 .text.LSM303AGR_ACC_R_YEN
                0x000000000800920a       0x38 Drivers/BSP/Components/LSM303AGR_ACC_driver.o
                0x000000000800920a                LSM303AGR_ACC_R_YEN
 .text.LSM303AGR_ACC_W_ZEN
                0x0000000008009242       0x5a Drivers/BSP/Components/LSM303AGR_ACC_driver.o
                0x0000000008009242                LSM303AGR_ACC_W_ZEN
 .text.LSM303AGR_ACC_R_ZEN
                0x000000000800929c       0x38 Drivers/BSP/Components/LSM303AGR_ACC_driver.o
                0x000000000800929c                LSM303AGR_ACC_R_ZEN
 .text.LSM303AGR_ACC_R_LOWPWR_EN
                0x00000000080092d4       0x38 Drivers/BSP/Components/LSM303AGR_ACC_driver.o
                0x00000000080092d4                LSM303AGR_ACC_R_LOWPWR_EN
 .text.LSM303AGR_ACC_R_HiRes
                0x000000000800930c       0x38 Drivers/BSP/Components/LSM303AGR_ACC_driver.o
                0x000000000800930c                LSM303AGR_ACC_R_HiRes
 .text.LSM303AGR_ACC_R_XDataAvail
                0x0000000008009344       0x38 Drivers/BSP/Components/LSM303AGR_ACC_driver.o
                0x0000000008009344                LSM303AGR_ACC_R_XDataAvail
 .text.LSM303AGR_ACC_W_FifoMode
                0x000000000800937c       0x5a Drivers/BSP/Components/LSM303AGR_ACC_driver.o
                0x000000000800937c                LSM303AGR_ACC_W_FifoMode
 *fill*         0x00000000080093d6        0x2 
 .text.LSM303AGR_X_Init
                0x00000000080093d8       0xc0 Drivers/BSP/Components/LSM303AGR_ACC_driver_HL.o
 .text.LSM303AGR_X_DeInit
                0x0000000008009498       0x58 Drivers/BSP/Components/LSM303AGR_ACC_driver_HL.o
 .text.LSM303AGR_X_Sensor_Enable
                0x00000000080094f0       0x4a Drivers/BSP/Components/LSM303AGR_ACC_driver_HL.o
 .text.LSM303AGR_X_Sensor_Disable
                0x000000000800953a       0x58 Drivers/BSP/Components/LSM303AGR_ACC_driver_HL.o
 .text.LSM303AGR_X_Get_WhoAmI
                0x0000000008009592       0x26 Drivers/BSP/Components/LSM303AGR_ACC_driver_HL.o
 .text.LSM303AGR_X_Check_WhoAmI
                0x00000000080095b8       0x3a Drivers/BSP/Components/LSM303AGR_ACC_driver_HL.o
 .text.LSM303AGR_X_Get_Axes
                0x00000000080095f2       0x3c Drivers/BSP/Components/LSM303AGR_ACC_driver_HL.o
 .text.LSM303AGR_X_Get_AxesRaw
                0x000000000800962e       0x42 Drivers/BSP/Components/LSM303AGR_ACC_driver_HL.o
 .text.LSM303AGR_X_Get_Sensitivity
                0x0000000008009670       0x88 Drivers/BSP/Components/LSM303AGR_ACC_driver_HL.o
 .text.LSM303AGR_X_Get_ODR
                0x00000000080096f8       0xc4 Drivers/BSP/Components/LSM303AGR_ACC_driver_HL.o
 .text.LSM303AGR_X_Set_ODR
                0x00000000080097bc       0x46 Drivers/BSP/Components/LSM303AGR_ACC_driver_HL.o
 .text.LSM303AGR_X_Set_ODR_Value
                0x0000000008009802       0x46 Drivers/BSP/Components/LSM303AGR_ACC_driver_HL.o
 .text.LSM303AGR_X_Get_FS
                0x0000000008009848       0x7c Drivers/BSP/Components/LSM303AGR_ACC_driver_HL.o
 .text.LSM303AGR_X_Set_FS
                0x00000000080098c4       0x4e Drivers/BSP/Components/LSM303AGR_ACC_driver_HL.o
 .text.LSM303AGR_X_Set_FS_Value
                0x0000000008009912       0x70 Drivers/BSP/Components/LSM303AGR_ACC_driver_HL.o
 .text.LSM303AGR_X_Get_Axes_Status
                0x0000000008009982       0x8c Drivers/BSP/Components/LSM303AGR_ACC_driver_HL.o
 .text.LSM303AGR_X_Set_Axes_Status
                0x0000000008009a0e       0x78 Drivers/BSP/Components/LSM303AGR_ACC_driver_HL.o
 .text.LSM303AGR_X_Read_Reg
                0x0000000008009a86       0x2e Drivers/BSP/Components/LSM303AGR_ACC_driver_HL.o
 .text.LSM303AGR_X_Write_Reg
                0x0000000008009ab4       0x30 Drivers/BSP/Components/LSM303AGR_ACC_driver_HL.o
 .text.LSM303AGR_X_Get_DRDY_Status
                0x0000000008009ae4       0x48 Drivers/BSP/Components/LSM303AGR_ACC_driver_HL.o
 .text.LSM303AGR_X_Get_Axes_Raw
                0x0000000008009b2c       0xce Drivers/BSP/Components/LSM303AGR_ACC_driver_HL.o
 *fill*         0x0000000008009bfa        0x2 
 .text.LSM303AGR_X_Set_ODR_When_Enabled
                0x0000000008009bfc       0x6c Drivers/BSP/Components/LSM303AGR_ACC_driver_HL.o
 .text.LSM303AGR_X_Set_ODR_When_Disabled
                0x0000000008009c68       0x84 Drivers/BSP/Components/LSM303AGR_ACC_driver_HL.o
 .text.LSM303AGR_X_Set_ODR_Value_When_Enabled
                0x0000000008009cec       0xc0 Drivers/BSP/Components/LSM303AGR_ACC_driver_HL.o
 .text.LSM303AGR_X_Set_ODR_Value_When_Disabled
                0x0000000008009dac       0xd8 Drivers/BSP/Components/LSM303AGR_ACC_driver_HL.o
 .text.LSM303AGR_X_Get_Sensitivity_Normal_Mode
                0x0000000008009e84       0x84 Drivers/BSP/Components/LSM303AGR_ACC_driver_HL.o
 .text.LSM303AGR_X_Get_Sensitivity_LP_Mode
                0x0000000008009f08       0x84 Drivers/BSP/Components/LSM303AGR_ACC_driver_HL.o
 .text.LSM303AGR_X_Get_Sensitivity_HR_Mode
                0x0000000008009f8c       0x84 Drivers/BSP/Components/LSM303AGR_ACC_driver_HL.o
 .text.LSM303AGR_MAG_WriteReg
                0x000000000800a010       0x34 Drivers/BSP/Components/LSM303AGR_MAG_driver.o
                0x000000000800a010                LSM303AGR_MAG_WriteReg
 .text.LSM303AGR_MAG_ReadReg
                0x000000000800a044       0x34 Drivers/BSP/Components/LSM303AGR_MAG_driver.o
                0x000000000800a044                LSM303AGR_MAG_ReadReg
 .text.LSM303AGR_MAG_R_WHO_AM_I
                0x000000000800a078       0x3a Drivers/BSP/Components/LSM303AGR_MAG_driver.o
                0x000000000800a078                LSM303AGR_MAG_R_WHO_AM_I
 .text.LSM303AGR_MAG_W_BDU
                0x000000000800a0b2       0x5a Drivers/BSP/Components/LSM303AGR_MAG_driver.o
                0x000000000800a0b2                LSM303AGR_MAG_W_BDU
 .text.LSM303AGR_MAG_W_MD
                0x000000000800a10c       0x5a Drivers/BSP/Components/LSM303AGR_MAG_driver.o
                0x000000000800a10c                LSM303AGR_MAG_W_MD
 .text.LSM303AGR_MAG_Get_Raw_Magnetic
                0x000000000800a166       0x2a Drivers/BSP/Components/LSM303AGR_MAG_driver.o
                0x000000000800a166                LSM303AGR_MAG_Get_Raw_Magnetic
 .text.LSM303AGR_MAG_W_ODR
                0x000000000800a190       0x5a Drivers/BSP/Components/LSM303AGR_MAG_driver.o
                0x000000000800a190                LSM303AGR_MAG_W_ODR
 .text.LSM303AGR_MAG_R_ODR
                0x000000000800a1ea       0x38 Drivers/BSP/Components/LSM303AGR_MAG_driver.o
                0x000000000800a1ea                LSM303AGR_MAG_R_ODR
 .text.LSM303AGR_MAG_W_ST
                0x000000000800a222       0x5a Drivers/BSP/Components/LSM303AGR_MAG_driver.o
                0x000000000800a222                LSM303AGR_MAG_W_ST
 .text.LSM303AGR_MAG_W_I2C_DIS
                0x000000000800a27c       0x5a Drivers/BSP/Components/LSM303AGR_MAG_driver.o
                0x000000000800a27c                LSM303AGR_MAG_W_I2C_DIS
 .text.LSM303AGR_MAG_R_ZYXDA
                0x000000000800a2d6       0x38 Drivers/BSP/Components/LSM303AGR_MAG_driver.o
                0x000000000800a2d6                LSM303AGR_MAG_R_ZYXDA
 .text.LSM303AGR_M_Init
                0x000000000800a30e       0x9a Drivers/BSP/Components/LSM303AGR_MAG_driver_HL.o
 .text.LSM303AGR_M_DeInit
                0x000000000800a3a8       0x50 Drivers/BSP/Components/LSM303AGR_MAG_driver_HL.o
 .text.LSM303AGR_M_Sensor_Enable
                0x000000000800a3f8       0x36 Drivers/BSP/Components/LSM303AGR_MAG_driver_HL.o
 .text.LSM303AGR_M_Sensor_Disable
                0x000000000800a42e       0x36 Drivers/BSP/Components/LSM303AGR_MAG_driver_HL.o
 .text.LSM303AGR_M_Get_WhoAmI
                0x000000000800a464       0x26 Drivers/BSP/Components/LSM303AGR_MAG_driver_HL.o
 .text.LSM303AGR_M_Check_WhoAmI
                0x000000000800a48a       0x3a Drivers/BSP/Components/LSM303AGR_MAG_driver_HL.o
 .text.LSM303AGR_M_Get_Axes
                0x000000000800a4c4       0xa6 Drivers/BSP/Components/LSM303AGR_MAG_driver_HL.o
 .text.LSM303AGR_M_Get_AxesRaw
                0x000000000800a56a       0x42 Drivers/BSP/Components/LSM303AGR_MAG_driver_HL.o
 .text.LSM303AGR_M_Get_Sensitivity
                0x000000000800a5ac       0x20 Drivers/BSP/Components/LSM303AGR_MAG_driver_HL.o
 .text.LSM303AGR_M_Get_ODR
                0x000000000800a5cc       0xa8 Drivers/BSP/Components/LSM303AGR_MAG_driver_HL.o
 .text.LSM303AGR_M_Set_ODR
                0x000000000800a674       0x6c Drivers/BSP/Components/LSM303AGR_MAG_driver_HL.o
 .text.LSM303AGR_M_Set_ODR_Value
                0x000000000800a6e0       0x74 Drivers/BSP/Components/LSM303AGR_MAG_driver_HL.o
 .text.LSM303AGR_M_Get_FS
                0x000000000800a754       0x24 Drivers/BSP/Components/LSM303AGR_MAG_driver_HL.o
 .text.LSM303AGR_M_Set_FS
                0x000000000800a778       0x1a Drivers/BSP/Components/LSM303AGR_MAG_driver_HL.o
 .text.LSM303AGR_M_Set_FS_Value
                0x000000000800a792       0x1a Drivers/BSP/Components/LSM303AGR_MAG_driver_HL.o
 .text.LSM303AGR_M_Read_Reg
                0x000000000800a7ac       0x2e Drivers/BSP/Components/LSM303AGR_MAG_driver_HL.o
 .text.LSM303AGR_M_Write_Reg
                0x000000000800a7da       0x30 Drivers/BSP/Components/LSM303AGR_MAG_driver_HL.o
 .text.LSM303AGR_M_Get_DRDY_Status
                0x000000000800a80a       0x48 Drivers/BSP/Components/LSM303AGR_MAG_driver_HL.o
 .text.LSM303AGR_M_Get_Axes_Raw
                0x000000000800a852       0x5c Drivers/BSP/Components/LSM303AGR_MAG_driver_HL.o
 .text.LSM6DSM_ACC_GYRO_ReadReg
                0x000000000800a8ae       0x2e Drivers/BSP/Components/LSM6DSM_ACC_GYRO_driver.o
                0x000000000800a8ae                LSM6DSM_ACC_GYRO_ReadReg
 .text.LSM6DSM_ACC_GYRO_WriteReg
                0x000000000800a8dc       0x30 Drivers/BSP/Components/LSM6DSM_ACC_GYRO_driver.o
                0x000000000800a8dc                LSM6DSM_ACC_GYRO_WriteReg
 .text.LSM6DSM_ACC_GYRO_W_EmbeddedAccess
                0x000000000800a90c       0x58 Drivers/BSP/Components/LSM6DSM_ACC_GYRO_driver.o
                0x000000000800a90c                LSM6DSM_ACC_GYRO_W_EmbeddedAccess
 .text.LSM6DSM_ACC_GYRO_W_FIFO_MODE
                0x000000000800a964       0x58 Drivers/BSP/Components/LSM6DSM_ACC_GYRO_driver.o
                0x000000000800a964                LSM6DSM_ACC_GYRO_W_FIFO_MODE
 .text.LSM6DSM_ACC_GYRO_W_STEP_DELTA_on_INT2
                0x000000000800a9bc       0x58 Drivers/BSP/Components/LSM6DSM_ACC_GYRO_driver.o
                0x000000000800a9bc                LSM6DSM_ACC_GYRO_W_STEP_DELTA_on_INT2
 .text.LSM6DSM_ACC_GYRO_R_WHO_AM_I
                0x000000000800aa14       0x38 Drivers/BSP/Components/LSM6DSM_ACC_GYRO_driver.o
                0x000000000800aa14                LSM6DSM_ACC_GYRO_R_WHO_AM_I
 .text.LSM6DSM_ACC_GYRO_W_FS_XL
                0x000000000800aa4c       0x58 Drivers/BSP/Components/LSM6DSM_ACC_GYRO_driver.o
                0x000000000800aa4c                LSM6DSM_ACC_GYRO_W_FS_XL
 .text.LSM6DSM_ACC_GYRO_R_FS_XL
                0x000000000800aaa4       0x36 Drivers/BSP/Components/LSM6DSM_ACC_GYRO_driver.o
                0x000000000800aaa4                LSM6DSM_ACC_GYRO_R_FS_XL
 .text.LSM6DSM_ACC_GYRO_W_ODR_XL
                0x000000000800aada       0x58 Drivers/BSP/Components/LSM6DSM_ACC_GYRO_driver.o
                0x000000000800aada                LSM6DSM_ACC_GYRO_W_ODR_XL
 .text.LSM6DSM_ACC_GYRO_R_ODR_XL
                0x000000000800ab32       0x36 Drivers/BSP/Components/LSM6DSM_ACC_GYRO_driver.o
                0x000000000800ab32                LSM6DSM_ACC_GYRO_R_ODR_XL
 .text.LSM6DSM_ACC_GYRO_W_FS_125
                0x000000000800ab68       0x58 Drivers/BSP/Components/LSM6DSM_ACC_GYRO_driver.o
                0x000000000800ab68                LSM6DSM_ACC_GYRO_W_FS_125
 .text.LSM6DSM_ACC_GYRO_R_FS_125
                0x000000000800abc0       0x36 Drivers/BSP/Components/LSM6DSM_ACC_GYRO_driver.o
                0x000000000800abc0                LSM6DSM_ACC_GYRO_R_FS_125
 .text.LSM6DSM_ACC_GYRO_W_FS_G
                0x000000000800abf6       0x58 Drivers/BSP/Components/LSM6DSM_ACC_GYRO_driver.o
                0x000000000800abf6                LSM6DSM_ACC_GYRO_W_FS_G
 .text.LSM6DSM_ACC_GYRO_R_FS_G
                0x000000000800ac4e       0x36 Drivers/BSP/Components/LSM6DSM_ACC_GYRO_driver.o
                0x000000000800ac4e                LSM6DSM_ACC_GYRO_R_FS_G
 .text.LSM6DSM_ACC_GYRO_W_ODR_G
                0x000000000800ac84       0x58 Drivers/BSP/Components/LSM6DSM_ACC_GYRO_driver.o
                0x000000000800ac84                LSM6DSM_ACC_GYRO_W_ODR_G
 .text.LSM6DSM_ACC_GYRO_R_ODR_G
                0x000000000800acdc       0x36 Drivers/BSP/Components/LSM6DSM_ACC_GYRO_driver.o
                0x000000000800acdc                LSM6DSM_ACC_GYRO_R_ODR_G
 .text.LSM6DSM_ACC_GYRO_W_IF_Addr_Incr
                0x000000000800ad12       0x58 Drivers/BSP/Components/LSM6DSM_ACC_GYRO_driver.o
                0x000000000800ad12                LSM6DSM_ACC_GYRO_W_IF_Addr_Incr
 .text.LSM6DSM_ACC_GYRO_W_BDU
                0x000000000800ad6a       0x58 Drivers/BSP/Components/LSM6DSM_ACC_GYRO_driver.o
                0x000000000800ad6a                LSM6DSM_ACC_GYRO_W_BDU
 .text.LSM6DSM_ACC_GYRO_W_I2C_DISABLE
                0x000000000800adc2       0x58 Drivers/BSP/Components/LSM6DSM_ACC_GYRO_driver.o
                0x000000000800adc2                LSM6DSM_ACC_GYRO_W_I2C_DISABLE
 .text.LSM6DSM_ACC_GYRO_W_PedoStepReset
                0x000000000800ae1a       0x58 Drivers/BSP/Components/LSM6DSM_ACC_GYRO_driver.o
                0x000000000800ae1a                LSM6DSM_ACC_GYRO_W_PedoStepReset
 .text.LSM6DSM_ACC_GYRO_W_TILT
                0x000000000800ae72       0x58 Drivers/BSP/Components/LSM6DSM_ACC_GYRO_driver.o
                0x000000000800ae72                LSM6DSM_ACC_GYRO_W_TILT
 .text.LSM6DSM_ACC_GYRO_W_PEDO
                0x000000000800aeca       0x58 Drivers/BSP/Components/LSM6DSM_ACC_GYRO_driver.o
                0x000000000800aeca                LSM6DSM_ACC_GYRO_W_PEDO
 .text.LSM6DSM_ACC_GYRO_W_FUNC_EN
                0x000000000800af22       0x58 Drivers/BSP/Components/LSM6DSM_ACC_GYRO_driver.o
                0x000000000800af22                LSM6DSM_ACC_GYRO_W_FUNC_EN
 .text.LSM6DSM_ACC_GYRO_R_WU_EV_STATUS
                0x000000000800af7a       0x36 Drivers/BSP/Components/LSM6DSM_ACC_GYRO_driver.o
                0x000000000800af7a                LSM6DSM_ACC_GYRO_R_WU_EV_STATUS
 .text.LSM6DSM_ACC_GYRO_R_FF_EV_STATUS
                0x000000000800afb0       0x36 Drivers/BSP/Components/LSM6DSM_ACC_GYRO_driver.o
                0x000000000800afb0                LSM6DSM_ACC_GYRO_R_FF_EV_STATUS
 .text.LSM6DSM_ACC_GYRO_R_DOUBLE_TAP_EV_STATUS
                0x000000000800afe6       0x36 Drivers/BSP/Components/LSM6DSM_ACC_GYRO_driver.o
                0x000000000800afe6                LSM6DSM_ACC_GYRO_R_DOUBLE_TAP_EV_STATUS
 .text.LSM6DSM_ACC_GYRO_R_SINGLE_TAP_EV_STATUS
                0x000000000800b01c       0x36 Drivers/BSP/Components/LSM6DSM_ACC_GYRO_driver.o
                0x000000000800b01c                LSM6DSM_ACC_GYRO_R_SINGLE_TAP_EV_STATUS
 .text.LSM6DSM_ACC_GYRO_R_DSD_XL
                0x000000000800b052       0x36 Drivers/BSP/Components/LSM6DSM_ACC_GYRO_driver.o
                0x000000000800b052                LSM6DSM_ACC_GYRO_R_DSD_XL
 .text.LSM6DSM_ACC_GYRO_R_DSD_XH
                0x000000000800b088       0x36 Drivers/BSP/Components/LSM6DSM_ACC_GYRO_driver.o
                0x000000000800b088                LSM6DSM_ACC_GYRO_R_DSD_XH
 .text.LSM6DSM_ACC_GYRO_R_DSD_YL
                0x000000000800b0be       0x36 Drivers/BSP/Components/LSM6DSM_ACC_GYRO_driver.o
                0x000000000800b0be                LSM6DSM_ACC_GYRO_R_DSD_YL
 .text.LSM6DSM_ACC_GYRO_R_DSD_YH
                0x000000000800b0f4       0x36 Drivers/BSP/Components/LSM6DSM_ACC_GYRO_driver.o
                0x000000000800b0f4                LSM6DSM_ACC_GYRO_R_DSD_YH
 .text.LSM6DSM_ACC_GYRO_R_DSD_ZL
                0x000000000800b12a       0x36 Drivers/BSP/Components/LSM6DSM_ACC_GYRO_driver.o
                0x000000000800b12a                LSM6DSM_ACC_GYRO_R_DSD_ZL
 .text.LSM6DSM_ACC_GYRO_R_DSD_ZH
                0x000000000800b160       0x36 Drivers/BSP/Components/LSM6DSM_ACC_GYRO_driver.o
                0x000000000800b160                LSM6DSM_ACC_GYRO_R_DSD_ZH
 .text.LSM6DSM_ACC_GYRO_R_D6D_EV_STATUS
                0x000000000800b196       0x36 Drivers/BSP/Components/LSM6DSM_ACC_GYRO_driver.o
                0x000000000800b196                LSM6DSM_ACC_GYRO_R_D6D_EV_STATUS
 .text.LSM6DSM_ACC_GYRO_R_XLDA
                0x000000000800b1cc       0x36 Drivers/BSP/Components/LSM6DSM_ACC_GYRO_driver.o
                0x000000000800b1cc                LSM6DSM_ACC_GYRO_R_XLDA
 .text.LSM6DSM_ACC_GYRO_R_GDA
                0x000000000800b202       0x36 Drivers/BSP/Components/LSM6DSM_ACC_GYRO_driver.o
                0x000000000800b202                LSM6DSM_ACC_GYRO_R_GDA
 .text.LSM6DSM_ACC_GYRO_R_PEDO_EV_STATUS
                0x000000000800b238       0x36 Drivers/BSP/Components/LSM6DSM_ACC_GYRO_driver.o
                0x000000000800b238                LSM6DSM_ACC_GYRO_R_PEDO_EV_STATUS
 .text.LSM6DSM_ACC_GYRO_R_TILT_EV_STATUS
                0x000000000800b26e       0x36 Drivers/BSP/Components/LSM6DSM_ACC_GYRO_driver.o
                0x000000000800b26e                LSM6DSM_ACC_GYRO_R_TILT_EV_STATUS
 .text.LSM6DSM_ACC_GYRO_W_TAP_Z_EN
                0x000000000800b2a4       0x58 Drivers/BSP/Components/LSM6DSM_ACC_GYRO_driver.o
                0x000000000800b2a4                LSM6DSM_ACC_GYRO_W_TAP_Z_EN
 .text.LSM6DSM_ACC_GYRO_W_TAP_Y_EN
                0x000000000800b2fc       0x58 Drivers/BSP/Components/LSM6DSM_ACC_GYRO_driver.o
                0x000000000800b2fc                LSM6DSM_ACC_GYRO_W_TAP_Y_EN
 .text.LSM6DSM_ACC_GYRO_W_TAP_X_EN
                0x000000000800b354       0x58 Drivers/BSP/Components/LSM6DSM_ACC_GYRO_driver.o
                0x000000000800b354                LSM6DSM_ACC_GYRO_W_TAP_X_EN
 .text.LSM6DSM_ACC_GYRO_W_BASIC_INT
                0x000000000800b3ac       0x58 Drivers/BSP/Components/LSM6DSM_ACC_GYRO_driver.o
                0x000000000800b3ac                LSM6DSM_ACC_GYRO_W_BASIC_INT
 .text.LSM6DSM_ACC_GYRO_W_TAP_THS
                0x000000000800b404       0x60 Drivers/BSP/Components/LSM6DSM_ACC_GYRO_driver.o
                0x000000000800b404                LSM6DSM_ACC_GYRO_W_TAP_THS
 .text.LSM6DSM_ACC_GYRO_W_SIXD_THS
                0x000000000800b464       0x58 Drivers/BSP/Components/LSM6DSM_ACC_GYRO_driver.o
                0x000000000800b464                LSM6DSM_ACC_GYRO_W_SIXD_THS
 .text.LSM6DSM_ACC_GYRO_W_SHOCK_Duration
                0x000000000800b4bc       0x60 Drivers/BSP/Components/LSM6DSM_ACC_GYRO_driver.o
                0x000000000800b4bc                LSM6DSM_ACC_GYRO_W_SHOCK_Duration
 .text.LSM6DSM_ACC_GYRO_W_QUIET_Duration
                0x000000000800b51c       0x66 Drivers/BSP/Components/LSM6DSM_ACC_GYRO_driver.o
                0x000000000800b51c                LSM6DSM_ACC_GYRO_W_QUIET_Duration
 .text.LSM6DSM_ACC_GYRO_W_DUR
                0x000000000800b582       0x66 Drivers/BSP/Components/LSM6DSM_ACC_GYRO_driver.o
                0x000000000800b582                LSM6DSM_ACC_GYRO_W_DUR
 .text.LSM6DSM_ACC_GYRO_W_WK_THS
                0x000000000800b5e8       0x60 Drivers/BSP/Components/LSM6DSM_ACC_GYRO_driver.o
                0x000000000800b5e8                LSM6DSM_ACC_GYRO_W_WK_THS
 .text.LSM6DSM_ACC_GYRO_W_SINGLE_DOUBLE_TAP_EV
                0x000000000800b648       0x58 Drivers/BSP/Components/LSM6DSM_ACC_GYRO_driver.o
                0x000000000800b648                LSM6DSM_ACC_GYRO_W_SINGLE_DOUBLE_TAP_EV
 .text.LSM6DSM_ACC_GYRO_W_SLEEP_DUR
                0x000000000800b6a0       0x60 Drivers/BSP/Components/LSM6DSM_ACC_GYRO_driver.o
                0x000000000800b6a0                LSM6DSM_ACC_GYRO_W_SLEEP_DUR
 .text.LSM6DSM_ACC_GYRO_W_TIMER_HR
                0x000000000800b700       0x58 Drivers/BSP/Components/LSM6DSM_ACC_GYRO_driver.o
                0x000000000800b700                LSM6DSM_ACC_GYRO_W_TIMER_HR
 .text.LSM6DSM_ACC_GYRO_W_WAKE_DUR
                0x000000000800b758       0x66 Drivers/BSP/Components/LSM6DSM_ACC_GYRO_driver.o
                0x000000000800b758                LSM6DSM_ACC_GYRO_W_WAKE_DUR
 .text.LSM6DSM_ACC_GYRO_W_FF_THS
                0x000000000800b7be       0x58 Drivers/BSP/Components/LSM6DSM_ACC_GYRO_driver.o
                0x000000000800b7be                LSM6DSM_ACC_GYRO_W_FF_THS
 .text.LSM6DSM_ACC_GYRO_W_FF_Duration
                0x000000000800b816       0xca Drivers/BSP/Components/LSM6DSM_ACC_GYRO_driver.o
                0x000000000800b816                LSM6DSM_ACC_GYRO_W_FF_Duration
 .text.LSM6DSM_ACC_GYRO_W_TiltEvOnInt2
                0x000000000800b8e0       0x58 Drivers/BSP/Components/LSM6DSM_ACC_GYRO_driver.o
                0x000000000800b8e0                LSM6DSM_ACC_GYRO_W_TiltEvOnInt2
 .text.LSM6DSM_ACC_GYRO_W_6DEvOnInt2
                0x000000000800b938       0x58 Drivers/BSP/Components/LSM6DSM_ACC_GYRO_driver.o
                0x000000000800b938                LSM6DSM_ACC_GYRO_W_6DEvOnInt2
 .text.LSM6DSM_ACC_GYRO_W_TapEvOnInt2
                0x000000000800b990       0x58 Drivers/BSP/Components/LSM6DSM_ACC_GYRO_driver.o
                0x000000000800b990                LSM6DSM_ACC_GYRO_W_TapEvOnInt2
 .text.LSM6DSM_ACC_GYRO_W_FFEvOnInt2
                0x000000000800b9e8       0x58 Drivers/BSP/Components/LSM6DSM_ACC_GYRO_driver.o
                0x000000000800b9e8                LSM6DSM_ACC_GYRO_W_FFEvOnInt2
 .text.LSM6DSM_ACC_GYRO_W_WUEvOnInt2
                0x000000000800ba40       0x58 Drivers/BSP/Components/LSM6DSM_ACC_GYRO_driver.o
                0x000000000800ba40                LSM6DSM_ACC_GYRO_W_WUEvOnInt2
 .text.LSM6DSM_ACC_GYRO_W_SingleTapOnInt2
                0x000000000800ba98       0x58 Drivers/BSP/Components/LSM6DSM_ACC_GYRO_driver.o
                0x000000000800ba98                LSM6DSM_ACC_GYRO_W_SingleTapOnInt2
 .text.LSM6DSM_ACC_GYRO_GetRawGyroData
                0x000000000800baf0       0x66 Drivers/BSP/Components/LSM6DSM_ACC_GYRO_driver.o
                0x000000000800baf0                LSM6DSM_ACC_GYRO_GetRawGyroData
 .text.LSM6DSM_ACC_GYRO_GetRawAccData
                0x000000000800bb56       0x66 Drivers/BSP/Components/LSM6DSM_ACC_GYRO_driver.o
                0x000000000800bb56                LSM6DSM_ACC_GYRO_GetRawAccData
 .text.LSM6DSM_ACC_GYRO_Get_GetStepCounter
                0x000000000800bbbc       0x66 Drivers/BSP/Components/LSM6DSM_ACC_GYRO_driver.o
                0x000000000800bbbc                LSM6DSM_ACC_GYRO_Get_GetStepCounter
 .text.LSM6DSM_ACC_GYRO_W_PedoThreshold
                0x000000000800bc22       0x88 Drivers/BSP/Components/LSM6DSM_ACC_GYRO_driver.o
                0x000000000800bc22                LSM6DSM_ACC_GYRO_W_PedoThreshold
 *fill*         0x000000000800bcaa        0x2 
 .text.LSM6DSM_X_Init
                0x000000000800bcac       0xa4 Drivers/BSP/Components/LSM6DSM_ACC_GYRO_driver_HL.o
 .text.LSM6DSM_X_DeInit
                0x000000000800bd50       0xc8 Drivers/BSP/Components/LSM6DSM_ACC_GYRO_driver_HL.o
 .text.LSM6DSM_X_Sensor_Enable
                0x000000000800be18       0x4a Drivers/BSP/Components/LSM6DSM_ACC_GYRO_driver_HL.o
 .text.LSM6DSM_X_Sensor_Disable
                0x000000000800be62       0x58 Drivers/BSP/Components/LSM6DSM_ACC_GYRO_driver_HL.o
 .text.LSM6DSM_X_Get_WhoAmI
                0x000000000800beba       0x1c Drivers/BSP/Components/LSM6DSM_ACC_GYRO_driver_HL.o
 .text.LSM6DSM_X_Check_WhoAmI
                0x000000000800bed6       0x18 Drivers/BSP/Components/LSM6DSM_ACC_GYRO_driver_HL.o
 .text.LSM6DSM_X_Get_Axes
                0x000000000800beee       0xa6 Drivers/BSP/Components/LSM6DSM_ACC_GYRO_driver_HL.o
 .text.LSM6DSM_X_Get_AxesRaw
                0x000000000800bf94       0x42 Drivers/BSP/Components/LSM6DSM_ACC_GYRO_driver_HL.o
 *fill*         0x000000000800bfd6        0x2 
 .text.LSM6DSM_X_Get_Sensitivity
                0x000000000800bfd8       0xa8 Drivers/BSP/Components/LSM6DSM_ACC_GYRO_driver_HL.o
 .text.LSM6DSM_X_Get_ODR
                0x000000000800c080       0xfc Drivers/BSP/Components/LSM6DSM_ACC_GYRO_driver_HL.o
 .text.LSM6DSM_X_Set_ODR
                0x000000000800c17c       0x46 Drivers/BSP/Components/LSM6DSM_ACC_GYRO_driver_HL.o
 .text.LSM6DSM_X_Set_ODR_Value
                0x000000000800c1c2       0x46 Drivers/BSP/Components/LSM6DSM_ACC_GYRO_driver_HL.o
 .text.LSM6DSM_X_Get_FS
                0x000000000800c208       0xa0 Drivers/BSP/Components/LSM6DSM_ACC_GYRO_driver_HL.o
 .text.LSM6DSM_X_Set_FS
                0x000000000800c2a8       0x4e Drivers/BSP/Components/LSM6DSM_ACC_GYRO_driver_HL.o
 .text.LSM6DSM_X_Set_FS_Value
                0x000000000800c2f6       0x70 Drivers/BSP/Components/LSM6DSM_ACC_GYRO_driver_HL.o
 *fill*         0x000000000800c366        0x2 
 .text.LSM6DSM_G_Init
                0x000000000800c368       0xa4 Drivers/BSP/Components/LSM6DSM_ACC_GYRO_driver_HL.o
 .text.LSM6DSM_G_DeInit
                0x000000000800c40c       0x58 Drivers/BSP/Components/LSM6DSM_ACC_GYRO_driver_HL.o
 .text.LSM6DSM_G_Sensor_Enable
                0x000000000800c464       0x4a Drivers/BSP/Components/LSM6DSM_ACC_GYRO_driver_HL.o
 .text.LSM6DSM_G_Sensor_Disable
                0x000000000800c4ae       0x58 Drivers/BSP/Components/LSM6DSM_ACC_GYRO_driver_HL.o
 .text.LSM6DSM_G_Get_WhoAmI
                0x000000000800c506       0x1c Drivers/BSP/Components/LSM6DSM_ACC_GYRO_driver_HL.o
 .text.LSM6DSM_G_Check_WhoAmI
                0x000000000800c522       0x18 Drivers/BSP/Components/LSM6DSM_ACC_GYRO_driver_HL.o
 .text.LSM6DSM_G_Get_Axes
                0x000000000800c53a       0xa6 Drivers/BSP/Components/LSM6DSM_ACC_GYRO_driver_HL.o
 .text.LSM6DSM_G_Get_AxesRaw
                0x000000000800c5e0       0x42 Drivers/BSP/Components/LSM6DSM_ACC_GYRO_driver_HL.o
 *fill*         0x000000000800c622        0x2 
 .text.LSM6DSM_G_Get_Sensitivity
                0x000000000800c624       0xd0 Drivers/BSP/Components/LSM6DSM_ACC_GYRO_driver_HL.o
 .text.LSM6DSM_G_Get_ODR
                0x000000000800c6f4       0xfc Drivers/BSP/Components/LSM6DSM_ACC_GYRO_driver_HL.o
 .text.LSM6DSM_G_Set_ODR
                0x000000000800c7f0       0x46 Drivers/BSP/Components/LSM6DSM_ACC_GYRO_driver_HL.o
 .text.LSM6DSM_G_Set_ODR_Value
                0x000000000800c836       0x46 Drivers/BSP/Components/LSM6DSM_ACC_GYRO_driver_HL.o
 .text.LSM6DSM_G_Get_FS
                0x000000000800c87c       0xd0 Drivers/BSP/Components/LSM6DSM_ACC_GYRO_driver_HL.o
 .text.LSM6DSM_G_Set_FS
                0x000000000800c94c       0x4e Drivers/BSP/Components/LSM6DSM_ACC_GYRO_driver_HL.o
 *fill*         0x000000000800c99a        0x2 
 .text.LSM6DSM_G_Set_FS_Value
                0x000000000800c99c       0xb8 Drivers/BSP/Components/LSM6DSM_ACC_GYRO_driver_HL.o
 .text.LSM6DSM_Get_WhoAmI
                0x000000000800ca54       0x26 Drivers/BSP/Components/LSM6DSM_ACC_GYRO_driver_HL.o
 .text.LSM6DSM_Check_WhoAmI
                0x000000000800ca7a       0x3a Drivers/BSP/Components/LSM6DSM_ACC_GYRO_driver_HL.o
 .text.LSM6DSM_X_Get_Axes_Raw
                0x000000000800cab4       0x7a Drivers/BSP/Components/LSM6DSM_ACC_GYRO_driver_HL.o
 *fill*         0x000000000800cb2e        0x2 
 .text.LSM6DSM_X_Set_ODR_When_Enabled
                0x000000000800cb30       0x6c Drivers/BSP/Components/LSM6DSM_ACC_GYRO_driver_HL.o
 .text.LSM6DSM_X_Set_ODR_When_Disabled
                0x000000000800cb9c       0x84 Drivers/BSP/Components/LSM6DSM_ACC_GYRO_driver_HL.o
 .text.LSM6DSM_X_Set_ODR_Value_When_Enabled
                0x000000000800cc20      0x110 Drivers/BSP/Components/LSM6DSM_ACC_GYRO_driver_HL.o
 .text.LSM6DSM_X_Set_ODR_Value_When_Disabled
                0x000000000800cd30      0x138 Drivers/BSP/Components/LSM6DSM_ACC_GYRO_driver_HL.o
 .text.LSM6DSM_G_Get_Axes_Raw
                0x000000000800ce68       0x7a Drivers/BSP/Components/LSM6DSM_ACC_GYRO_driver_HL.o
 *fill*         0x000000000800cee2        0x2 
 .text.LSM6DSM_G_Set_ODR_When_Enabled
                0x000000000800cee4       0x6c Drivers/BSP/Components/LSM6DSM_ACC_GYRO_driver_HL.o
 .text.LSM6DSM_G_Set_ODR_When_Disabled
                0x000000000800cf50       0x84 Drivers/BSP/Components/LSM6DSM_ACC_GYRO_driver_HL.o
 .text.LSM6DSM_G_Set_ODR_Value_When_Enabled
                0x000000000800cfd4      0x110 Drivers/BSP/Components/LSM6DSM_ACC_GYRO_driver_HL.o
 .text.LSM6DSM_G_Set_ODR_Value_When_Disabled
                0x000000000800d0e4      0x138 Drivers/BSP/Components/LSM6DSM_ACC_GYRO_driver_HL.o
 .text.LSM6DSM_X_Enable_Free_Fall_Detection
                0x000000000800d21c       0xbc Drivers/BSP/Components/LSM6DSM_ACC_GYRO_driver_HL.o
 .text.LSM6DSM_X_Disable_Free_Fall_Detection
                0x000000000800d2d8       0x5a Drivers/BSP/Components/LSM6DSM_ACC_GYRO_driver_HL.o
 .text.LSM6DSM_X_Get_Free_Fall_Detection_Status
                0x000000000800d332       0x48 Drivers/BSP/Components/LSM6DSM_ACC_GYRO_driver_HL.o
 .text.LSM6DSM_X_Set_Free_Fall_Threshold
                0x000000000800d37a       0x2a Drivers/BSP/Components/LSM6DSM_ACC_GYRO_driver_HL.o
 .text.LSM6DSM_X_Enable_Pedometer
                0x000000000800d3a4       0x80 Drivers/BSP/Components/LSM6DSM_ACC_GYRO_driver_HL.o
 .text.LSM6DSM_X_Disable_Pedometer
                0x000000000800d424       0x5a Drivers/BSP/Components/LSM6DSM_ACC_GYRO_driver_HL.o
 .text.LSM6DSM_X_Get_Pedometer_Status
                0x000000000800d47e       0x48 Drivers/BSP/Components/LSM6DSM_ACC_GYRO_driver_HL.o
 .text.LSM6DSM_X_Get_Step_Count
                0x000000000800d4c6       0x26 Drivers/BSP/Components/LSM6DSM_ACC_GYRO_driver_HL.o
 .text.LSM6DSM_X_Enable_Step_Counter_Reset
                0x000000000800d4ec       0x24 Drivers/BSP/Components/LSM6DSM_ACC_GYRO_driver_HL.o
 .text.LSM6DSM_X_Disable_Step_Counter_Reset
                0x000000000800d510       0x24 Drivers/BSP/Components/LSM6DSM_ACC_GYRO_driver_HL.o
 .text.LSM6DSM_X_Set_Pedometer_Threshold
                0x000000000800d534       0x2a Drivers/BSP/Components/LSM6DSM_ACC_GYRO_driver_HL.o
 .text.LSM6DSM_X_Enable_Tilt_Detection
                0x000000000800d55e       0x6e Drivers/BSP/Components/LSM6DSM_ACC_GYRO_driver_HL.o
 .text.LSM6DSM_X_Disable_Tilt_Detection
                0x000000000800d5cc       0x48 Drivers/BSP/Components/LSM6DSM_ACC_GYRO_driver_HL.o
 .text.LSM6DSM_X_Get_Tilt_Detection_Status
                0x000000000800d614       0x48 Drivers/BSP/Components/LSM6DSM_ACC_GYRO_driver_HL.o
 .text.LSM6DSM_X_Enable_Wake_Up_Detection
                0x000000000800d65c       0x84 Drivers/BSP/Components/LSM6DSM_ACC_GYRO_driver_HL.o
 .text.LSM6DSM_X_Disable_Wake_Up_Detection
                0x000000000800d6e0       0x5a Drivers/BSP/Components/LSM6DSM_ACC_GYRO_driver_HL.o
 .text.LSM6DSM_X_Get_Wake_Up_Detection_Status
                0x000000000800d73a       0x48 Drivers/BSP/Components/LSM6DSM_ACC_GYRO_driver_HL.o
 .text.LSM6DSM_X_Set_Wake_Up_Threshold
                0x000000000800d782       0x2a Drivers/BSP/Components/LSM6DSM_ACC_GYRO_driver_HL.o
 .text.LSM6DSM_X_Enable_Single_Tap_Detection
                0x000000000800d7ac       0xcc Drivers/BSP/Components/LSM6DSM_ACC_GYRO_driver_HL.o
 .text.LSM6DSM_X_Disable_Single_Tap_Detection
                0x000000000800d878       0xa2 Drivers/BSP/Components/LSM6DSM_ACC_GYRO_driver_HL.o
 .text.LSM6DSM_X_Get_Single_Tap_Detection_Status
                0x000000000800d91a       0x48 Drivers/BSP/Components/LSM6DSM_ACC_GYRO_driver_HL.o
 *fill*         0x000000000800d962        0x2 
 .text.LSM6DSM_X_Enable_Double_Tap_Detection
                0x000000000800d964       0xf0 Drivers/BSP/Components/LSM6DSM_ACC_GYRO_driver_HL.o
 .text.LSM6DSM_X_Disable_Double_Tap_Detection
                0x000000000800da54       0xc6 Drivers/BSP/Components/LSM6DSM_ACC_GYRO_driver_HL.o
 .text.LSM6DSM_X_Get_Double_Tap_Detection_Status
                0x000000000800db1a       0x48 Drivers/BSP/Components/LSM6DSM_ACC_GYRO_driver_HL.o
 .text.LSM6DSM_X_Set_Tap_Threshold
                0x000000000800db62       0x2a Drivers/BSP/Components/LSM6DSM_ACC_GYRO_driver_HL.o
 .text.LSM6DSM_X_Set_Tap_Shock_Time
                0x000000000800db8c       0x2a Drivers/BSP/Components/LSM6DSM_ACC_GYRO_driver_HL.o
 .text.LSM6DSM_X_Set_Tap_Quiet_Time
                0x000000000800dbb6       0x2a Drivers/BSP/Components/LSM6DSM_ACC_GYRO_driver_HL.o
 .text.LSM6DSM_X_Set_Tap_Duration_Time
                0x000000000800dbe0       0x2a Drivers/BSP/Components/LSM6DSM_ACC_GYRO_driver_HL.o
 *fill*         0x000000000800dc0a        0x2 
 .text.LSM6DSM_X_Enable_6D_Orientation
                0x000000000800dc0c       0x74 Drivers/BSP/Components/LSM6DSM_ACC_GYRO_driver_HL.o
 .text.LSM6DSM_X_Disable_6D_Orientation
                0x000000000800dc80       0x48 Drivers/BSP/Components/LSM6DSM_ACC_GYRO_driver_HL.o
 .text.LSM6DSM_X_Get_6D_Orientation_Status
                0x000000000800dcc8       0x48 Drivers/BSP/Components/LSM6DSM_ACC_GYRO_driver_HL.o
 .text.LSM6DSM_X_Get_6D_Orientation_XL
                0x000000000800dd10       0x48 Drivers/BSP/Components/LSM6DSM_ACC_GYRO_driver_HL.o
 .text.LSM6DSM_X_Get_6D_Orientation_XH
                0x000000000800dd58       0x48 Drivers/BSP/Components/LSM6DSM_ACC_GYRO_driver_HL.o
 .text.LSM6DSM_X_Get_6D_Orientation_YL
                0x000000000800dda0       0x48 Drivers/BSP/Components/LSM6DSM_ACC_GYRO_driver_HL.o
 .text.LSM6DSM_X_Get_6D_Orientation_YH
                0x000000000800dde8       0x48 Drivers/BSP/Components/LSM6DSM_ACC_GYRO_driver_HL.o
 .text.LSM6DSM_X_Get_6D_Orientation_ZL
                0x000000000800de30       0x48 Drivers/BSP/Components/LSM6DSM_ACC_GYRO_driver_HL.o
 .text.LSM6DSM_X_Get_6D_Orientation_ZH
                0x000000000800de78       0x48 Drivers/BSP/Components/LSM6DSM_ACC_GYRO_driver_HL.o
 .text.LSM6DSM_X_Read_Reg
                0x000000000800dec0       0x2e Drivers/BSP/Components/LSM6DSM_ACC_GYRO_driver_HL.o
 .text.LSM6DSM_X_Write_Reg
                0x000000000800deee       0x30 Drivers/BSP/Components/LSM6DSM_ACC_GYRO_driver_HL.o
 .text.LSM6DSM_X_Get_DRDY_Status
                0x000000000800df1e       0x48 Drivers/BSP/Components/LSM6DSM_ACC_GYRO_driver_HL.o
 .text.LSM6DSM_G_Read_Reg
                0x000000000800df66       0x2e Drivers/BSP/Components/LSM6DSM_ACC_GYRO_driver_HL.o
 .text.LSM6DSM_G_Write_Reg
                0x000000000800df94       0x30 Drivers/BSP/Components/LSM6DSM_ACC_GYRO_driver_HL.o
 .text.LSM6DSM_G_Get_DRDY_Status
                0x000000000800dfc4       0x48 Drivers/BSP/Components/LSM6DSM_ACC_GYRO_driver_HL.o
 .text.STC3115_Init
                0x000000000800e00c      0x254 Drivers/BSP/Components/STC3115_Driver.o
 .text.STC3115_DeInit
                0x000000000800e260       0x1c Drivers/BSP/Components/STC3115_Driver.o
 .text.STC3115_Get_WhoAmI
                0x000000000800e27c       0x2a Drivers/BSP/Components/STC3115_Driver.o
 *fill*         0x000000000800e2a6        0x2 
 .text.STC3115_Task
                0x000000000800e2a8      0x2a8 Drivers/BSP/Components/STC3115_Driver.o
 .text.STC3115_Reset
                0x000000000800e550       0x52 Drivers/BSP/Components/STC3115_Driver.o
 .text.STC3115_Stop
                0x000000000800e5a2       0x4e Drivers/BSP/Components/STC3115_Driver.o
 .text.STC3115_GetSOC
                0x000000000800e5f0       0x38 Drivers/BSP/Components/STC3115_Driver.o
 .text.STC3115_GetOCV
                0x000000000800e628       0x26 Drivers/BSP/Components/STC3115_Driver.o
 .text.STC3115_GetCurrent
                0x000000000800e64e       0x24 Drivers/BSP/Components/STC3115_Driver.o
 .text.STC3115_GetTemperature
                0x000000000800e672       0x24 Drivers/BSP/Components/STC3115_Driver.o
 .text.STC3115_GetVoltage
                0x000000000800e696       0x26 Drivers/BSP/Components/STC3115_Driver.o
 .text.STC3115_GetChargeValue
                0x000000000800e6bc       0x26 Drivers/BSP/Components/STC3115_Driver.o
 .text.STC3115_GetPresence
                0x000000000800e6e2       0x26 Drivers/BSP/Components/STC3115_Driver.o
 .text.STC3115_GetAlarmStatus
                0x000000000800e708       0x2a Drivers/BSP/Components/STC3115_Driver.o
 .text.STC3115_Status
                0x000000000800e732       0x52 Drivers/BSP/Components/STC3115_Driver.o
 .text.STC3115_CalcRamCRC8
                0x000000000800e784       0x6c Drivers/BSP/Components/STC3115_Driver.o
 .text.STC3115_UpdateRamCRC
                0x000000000800e7f0       0x30 Drivers/BSP/Components/STC3115_Driver.o
 .text.STC3115_InitRamData
                0x000000000800e820       0x5a Drivers/BSP/Components/STC3115_Driver.o
 .text.STC3115_WriteRamData
                0x000000000800e87a       0x2c Drivers/BSP/Components/STC3115_Driver.o
 .text.STC3115_ReadRamData
                0x000000000800e8a6       0x2c Drivers/BSP/Components/STC3115_Driver.o
 .text.STC3115_ReadBatteryData
                0x000000000800e8d2      0x156 Drivers/BSP/Components/STC3115_Driver.o
 .text.STC3115_Restore
                0x000000000800ea28       0x60 Drivers/BSP/Components/STC3115_Driver.o
 .text.STC3115_Powerdown
                0x000000000800ea88       0x42 Drivers/BSP/Components/STC3115_Driver.o
 .text.STC3115_conv
                0x000000000800eaca       0x38 Drivers/BSP/Components/STC3115_Driver.o
 .text.STC3115_Startup
                0x000000000800eb02       0x48 Drivers/BSP/Components/STC3115_Driver.o
 .text.STC3115_Read
                0x000000000800eb4a       0x36 Drivers/BSP/Components/STC3115_Driver.o
 .text.STC3115_Write
                0x000000000800eb80       0x36 Drivers/BSP/Components/STC3115_Driver.o
 .text.STC3115_ReadWord
                0x000000000800ebb6       0x3a Drivers/BSP/Components/STC3115_Driver.o
 .text.STC3115_WriteWord
                0x000000000800ebf0       0x38 Drivers/BSP/Components/STC3115_Driver.o
 .text.STC3115_SetParam
                0x000000000800ec28      0x128 Drivers/BSP/Components/STC3115_Driver.o
 .text.BSP_LED_Init
                0x000000000800ed50       0xa0 Drivers/BSP/SensorTile/SensorTile.o
                0x000000000800ed50                BSP_LED_Init
 .text.BSP_LED_On
                0x000000000800edf0       0x5c Drivers/BSP/SensorTile/SensorTile.o
                0x000000000800edf0                BSP_LED_On
 .text.BSP_LED_Off
                0x000000000800ee4c       0x5c Drivers/BSP/SensorTile/SensorTile.o
                0x000000000800ee4c                BSP_LED_Off
 .text.Sensor_IO_I2C_Init
                0x000000000800eea8       0x18 Drivers/BSP/SensorTile/SensorTile.o
                0x000000000800eea8                Sensor_IO_I2C_Init
 .text.Sensor_IO_SPI_Init
                0x000000000800eec0      0x118 Drivers/BSP/SensorTile/SensorTile.o
                0x000000000800eec0                Sensor_IO_SPI_Init
 .text.Sensor_IO_SPI_CS_Init_All
                0x000000000800efd8      0x124 Drivers/BSP/SensorTile/SensorTile.o
                0x000000000800efd8                Sensor_IO_SPI_CS_Init_All
 .text.Sensor_IO_SPI_CS_Init
                0x000000000800f0fc      0x12c Drivers/BSP/SensorTile/SensorTile.o
                0x000000000800f0fc                Sensor_IO_SPI_CS_Init
 .text.Sensor_IO_Write
                0x000000000800f228       0x84 Drivers/BSP/SensorTile/SensorTile.o
                0x000000000800f228                Sensor_IO_Write
 .text.Sensor_IO_I2C_Write
                0x000000000800f2ac       0x30 Drivers/BSP/SensorTile/SensorTile.o
                0x000000000800f2ac                Sensor_IO_I2C_Write
 .text.Sensor_IO_Read
                0x000000000800f2dc       0x84 Drivers/BSP/SensorTile/SensorTile.o
                0x000000000800f2dc                Sensor_IO_Read
 .text.Sensor_IO_I2C_Read
                0x000000000800f360       0x30 Drivers/BSP/SensorTile/SensorTile.o
                0x000000000800f360                Sensor_IO_I2C_Read
 .text.Sensor_IO_SPI_Write
                0x000000000800f390       0x60 Drivers/BSP/SensorTile/SensorTile.o
                0x000000000800f390                Sensor_IO_SPI_Write
 .text.Sensor_IO_SPI_Read
                0x000000000800f3f0       0x9c Drivers/BSP/SensorTile/SensorTile.o
                0x000000000800f3f0                Sensor_IO_SPI_Read
 .text.Sensor_IO_SPI_CS_Enable
                0x000000000800f48c       0x74 Drivers/BSP/SensorTile/SensorTile.o
                0x000000000800f48c                Sensor_IO_SPI_CS_Enable
 .text.Sensor_IO_SPI_CS_Disable
                0x000000000800f500       0x74 Drivers/BSP/SensorTile/SensorTile.o
                0x000000000800f500                Sensor_IO_SPI_CS_Disable
 .text.LSM6DSM_Sensor_IO_ITConfig
                0x000000000800f574       0x5c Drivers/BSP/SensorTile/SensorTile.o
                0x000000000800f574                LSM6DSM_Sensor_IO_ITConfig
 .text.SPI_Read
                0x000000000800f5d0       0x70 Drivers/BSP/SensorTile/SensorTile.o
                0x000000000800f5d0                SPI_Read
 .text.SPI_Read_nBytes
                0x000000000800f640       0xa4 Drivers/BSP/SensorTile/SensorTile.o
                0x000000000800f640                SPI_Read_nBytes
 .text.SPI_Write
                0x000000000800f6e4       0x52 Drivers/BSP/SensorTile/SensorTile.o
                0x000000000800f6e4                SPI_Write
 *fill*         0x000000000800f736        0x2 
 .text.I2C_SENSORTILE_Init
                0x000000000800f738       0x54 Drivers/BSP/SensorTile/SensorTile.o
 .text.I2C_SENSORTILE_WriteData
                0x000000000800f78c       0x60 Drivers/BSP/SensorTile/SensorTile.o
 .text.I2C_SENSORTILE_ReadData
                0x000000000800f7ec       0x60 Drivers/BSP/SensorTile/SensorTile.o
 .text.I2C_SENSORTILE_Error
                0x000000000800f84c       0x20 Drivers/BSP/SensorTile/SensorTile.o
 .text.I2C_SENSORTILE_MspInit
                0x000000000800f86c       0xc0 Drivers/BSP/SensorTile/SensorTile.o
 .text.SD_IO_SPI_MspInit
                0x000000000800f92c       0xc0 Drivers/BSP/SensorTile/SensorTile.o
 .text.SD_IO_SPI_Init_LS
                0x000000000800f9ec       0x78 Drivers/BSP/SensorTile/SensorTile.o
 .text.SD_IO_SPI_Init
                0x000000000800fa64       0x78 Drivers/BSP/SensorTile/SensorTile.o
 .text.SD_IO_SPI_Read
                0x000000000800fadc       0x48 Drivers/BSP/SensorTile/SensorTile.o
 .text.SD_IO_SPI_Write
                0x000000000800fb24       0x3c Drivers/BSP/SensorTile/SensorTile.o
 .text.SD_IO_SPI_Error
                0x000000000800fb60       0x18 Drivers/BSP/SensorTile/SensorTile.o
 .text.SD_IO_Init
                0x000000000800fb78       0x40 Drivers/BSP/SensorTile/SensorTile.o
                0x000000000800fb78                SD_IO_Init
 .text.SD_IO_Init_LS
                0x000000000800fbb8       0x40 Drivers/BSP/SensorTile/SensorTile.o
                0x000000000800fbb8                SD_IO_Init_LS
 .text.SD_IO_CS_Init
                0x000000000800fbf8       0x4c Drivers/BSP/SensorTile/SensorTile.o
                0x000000000800fbf8                SD_IO_CS_Init
 .text.SD_IO_CS_DeInit
                0x000000000800fc44       0x30 Drivers/BSP/SensorTile/SensorTile.o
                0x000000000800fc44                SD_IO_CS_DeInit
 .text.SD_IO_WriteByte
                0x000000000800fc74       0x1a Drivers/BSP/SensorTile/SensorTile.o
                0x000000000800fc74                SD_IO_WriteByte
 .text.SD_IO_ReadByte
                0x000000000800fc8e       0x1c Drivers/BSP/SensorTile/SensorTile.o
                0x000000000800fc8e                SD_IO_ReadByte
 *fill*         0x000000000800fcaa        0x2 
 .text.SD_IO_WriteCmd_wResp
                0x000000000800fcac       0xa0 Drivers/BSP/SensorTile/SensorTile.o
                0x000000000800fcac                SD_IO_WriteCmd_wResp
 .text.SD_IO_WriteCmd
                0x000000000800fd4c       0x98 Drivers/BSP/SensorTile/SensorTile.o
                0x000000000800fd4c                SD_IO_WriteCmd
 .text.SD_IO_WaitResponse
                0x000000000800fde4       0x3e Drivers/BSP/SensorTile/SensorTile.o
                0x000000000800fde4                SD_IO_WaitResponse
 *fill*         0x000000000800fe22        0x2 
 .text.SD_IO_WriteDummy
                0x000000000800fe24       0x20 Drivers/BSP/SensorTile/SensorTile.o
                0x000000000800fe24                SD_IO_WriteDummy
 .text.BSP_ACCELERO_Init